SQL> 
SQL> CL SCR

SQL> SELECT FIRST_NAME , LAST_NAME FROM EMPLOYEES;

FIRST_NAME      LAST_NAME                                                                                                                                                                               
--------------- ---------------                                                                                                                                                                         
Steven          King                                                                                                                                                                                    
Neena           Kochhar                                                                                                                                                                                 
Lex             De Haan                                                                                                                                                                                 
Alexander       Hunold                                                                                                                                                                                  
Bruce           Ernst                                                                                                                                                                                   
Diana           Lorentz                                                                                                                                                                                 
Kevin           Mourgos                                                                                                                                                                                 
Trenna          Rajs                                                                                                                                                                                    
Curtis          Davies                                                                                                                                                                                  
Randall         Matos                                                                                                                                                                                   
Peter           Vargas                                                                                                                                                                                  
Eleni           Zlotkey                                                                                                                                                                                 
Ellen           Abel                                                                                                                                                                                    
Jonathon        Taylor                                                                                                                                                                                  
Kimerely        Grant                                                                                                                                                                                   
Jennifer        Whalen                                                                                                                                                                                  
Michael         Hartstein                                                                                                                                                                               
Pat             Fay                                                                                                                                                                                     
Shelley         Higgins                                                                                                                                                                                 
William         Gietz                                                                                                                                                                                   

20 rows selected.

SQL> /*
SQL> STEVEN king
SQL> NEENA kochhar
SQL> LEX de haan
SQL> */
SQL> 
SQL> REM 1 || 2 CONCAT 3 CONCAT || (TWO STYLES)
SQL> 
SQL> SELECT UPPER(FIRST_NAME) || ' ' || LOWER(LAST_NAME) FULL_NAME FROM EMPLOYEES;

FULL_NAME                                                                                                                                                                                               
-------------------------------                                                                                                                                                                         
STEVEN king                                                                                                                                                                                             
NEENA kochhar                                                                                                                                                                                           
LEX de haan                                                                                                                                                                                             
ALEXANDER hunold                                                                                                                                                                                        
BRUCE ernst                                                                                                                                                                                             
DIANA lorentz                                                                                                                                                                                           
KEVIN mourgos                                                                                                                                                                                           
TRENNA rajs                                                                                                                                                                                             
CURTIS davies                                                                                                                                                                                           
RANDALL matos                                                                                                                                                                                           
PETER vargas                                                                                                                                                                                            
ELENI zlotkey                                                                                                                                                                                           
ELLEN abel                                                                                                                                                                                              
JONATHON taylor                                                                                                                                                                                         
KIMERELY grant                                                                                                                                                                                          
JENNIFER whalen                                                                                                                                                                                         
MICHAEL hartstein                                                                                                                                                                                       
PAT fay                                                                                                                                                                                                 
SHELLEY higgins                                                                                                                                                                                         
WILLIAM gietz                                                                                                                                                                                           

20 rows selected.

SQL> SELECT CONCAT(UPPER(FIRST_NAME) , CONCAT(' ', LOWER(LAST_NAME)) FULL_NAME FROM EMPLOYEES;
SELECT CONCAT(UPPER(FIRST_NAME) , CONCAT(' ', LOWER(LAST_NAME)) FULL_NAME FROM EMPLOYEES
                                                                *
ERROR at line 1:
ORA-00907: missing right parenthesis 


SQL> SELECT CONCAT(UPPER(FIRST_NAME) , CONCAT(' ', LOWER(LAST_NAME))) FULL_NAME FROM EMPLOYEES;

FULL_NAME                                                                                                                                                                                               
-------------------------------                                                                                                                                                                         
STEVEN king                                                                                                                                                                                             
NEENA kochhar                                                                                                                                                                                           
LEX de haan                                                                                                                                                                                             
ALEXANDER hunold                                                                                                                                                                                        
BRUCE ernst                                                                                                                                                                                             
DIANA lorentz                                                                                                                                                                                           
KEVIN mourgos                                                                                                                                                                                           
TRENNA rajs                                                                                                                                                                                             
CURTIS davies                                                                                                                                                                                           
RANDALL matos                                                                                                                                                                                           
PETER vargas                                                                                                                                                                                            
ELENI zlotkey                                                                                                                                                                                           
ELLEN abel                                                                                                                                                                                              
JONATHON taylor                                                                                                                                                                                         
KIMERELY grant                                                                                                                                                                                          
JENNIFER whalen                                                                                                                                                                                         
MICHAEL hartstein                                                                                                                                                                                       
PAT fay                                                                                                                                                                                                 
SHELLEY higgins                                                                                                                                                                                         
WILLIAM gietz                                                                                                                                                                                           

20 rows selected.

SQL> SELECT CONCAT(UPPER(FIRST_NAME) , ' ' || LOWER(LAST_NAME)) FULL_NAME FROM EMPLOYEES;

FULL_NAME                                                                                                                                                                                               
-------------------------------                                                                                                                                                                         
STEVEN king                                                                                                                                                                                             
NEENA kochhar                                                                                                                                                                                           
LEX de haan                                                                                                                                                                                             
ALEXANDER hunold                                                                                                                                                                                        
BRUCE ernst                                                                                                                                                                                             
DIANA lorentz                                                                                                                                                                                           
KEVIN mourgos                                                                                                                                                                                           
TRENNA rajs                                                                                                                                                                                             
CURTIS davies                                                                                                                                                                                           
RANDALL matos                                                                                                                                                                                           
PETER vargas                                                                                                                                                                                            
ELENI zlotkey                                                                                                                                                                                           
ELLEN abel                                                                                                                                                                                              
JONATHON taylor                                                                                                                                                                                         
KIMERELY grant                                                                                                                                                                                          
JENNIFER whalen                                                                                                                                                                                         
MICHAEL hartstein                                                                                                                                                                                       
PAT fay                                                                                                                                                                                                 
SHELLEY higgins                                                                                                                                                                                         
WILLIAM gietz                                                                                                                                                                                           

20 rows selected.

SQL> SELECT CONCAT(UPPER(FIRST_NAME) || ' ' , LOWER(LAST_NAME)) FULL_NAME FROM EMPLOYEES;

FULL_NAME                                                                                                                                                                                               
-------------------------------                                                                                                                                                                         
STEVEN king                                                                                                                                                                                             
NEENA kochhar                                                                                                                                                                                           
LEX de haan                                                                                                                                                                                             
ALEXANDER hunold                                                                                                                                                                                        
BRUCE ernst                                                                                                                                                                                             
DIANA lorentz                                                                                                                                                                                           
KEVIN mourgos                                                                                                                                                                                           
TRENNA rajs                                                                                                                                                                                             
CURTIS davies                                                                                                                                                                                           
RANDALL matos                                                                                                                                                                                           
PETER vargas                                                                                                                                                                                            
ELENI zlotkey                                                                                                                                                                                           
ELLEN abel                                                                                                                                                                                              
JONATHON taylor                                                                                                                                                                                         
KIMERELY grant                                                                                                                                                                                          
JENNIFER whalen                                                                                                                                                                                         
MICHAEL hartstein                                                                                                                                                                                       
PAT fay                                                                                                                                                                                                 
SHELLEY higgins                                                                                                                                                                                         
WILLIAM gietz                                                                                                                                                                                           

20 rows selected.

SQL> REM CHARACTER FUNCTIONS : CONCAT   LPAD RPAD   LTRIM RTRIM TRIM   LENGTH    TRANSLATE REPLACE    SUBSTR INSTR
SQL> 
SQL> 
SQL> SELECT UPPER('sita ram') FROM DUAL;

UPPER('S                                                                                                                                                                                                
--------                                                                                                                                                                                                
SITA RAM                                                                                                                                                                                                

SQL> SELECT UPPER('siTA rAm') FROM DUAL;

UPPER('S                                                                                                                                                                                                
--------                                                                                                                                                                                                
SITA RAM                                                                                                                                                                                                

SQL> SELECT UPPER('siTA rAm 123 ') FROM DUAL;

UPPER('SITARA                                                                                                                                                                                           
-------------                                                                                                                                                                                           
SITA RAM 123                                                                                                                                                                                            

SQL> SELECT UPPER('siTA rAm 123 #$%') FROM DUAL;

UPPER('SITARAM12                                                                                                                                                                                        
----------------                                                                                                                                                                                        
SITA RAM 123 #$%                                                                                                                                                                                        

SQL> SELECT LOWER('siTA rAm 123 #$%') FROM DUAL;

LOWER('SITARAM12                                                                                                                                                                                        
----------------                                                                                                                                                                                        
sita ram 123 #$%                                                                                                                                                                                        

SQL> SELECT INITCAP('siTA rAm 123 #$%') FROM DUAL;

INITCAP('SITARAM                                                                                                                                                                                        
----------------                                                                                                                                                                                        
Sita Ram 123 #$%                                                                                                                                                                                        

SQL> SELECT INITCAP('siTA4rAm') FROM DUAL;

INITCAP(                                                                                                                                                                                                
--------                                                                                                                                                                                                
Sita4ram                                                                                                                                                                                                

SQL> SELECT INITCAP('siTA$rAm 123 #$%') FROM DUAL;

INITCAP('SITA$RA                                                                                                                                                                                        
----------------                                                                                                                                                                                        
Sita$Ram 123 #$%                                                                                                                                                                                        

SQL> SELECT FIRST_NAME || LAST_NAME FROM EMPLOYEES;

FIRST_NAME||LAST_NAME                                                                                                                                                                                   
------------------------------                                                                                                                                                                          
StevenKing                                                                                                                                                                                              
NeenaKochhar                                                                                                                                                                                            
LexDe Haan                                                                                                                                                                                              
AlexanderHunold                                                                                                                                                                                         
BruceErnst                                                                                                                                                                                              
DianaLorentz                                                                                                                                                                                            
KevinMourgos                                                                                                                                                                                            
TrennaRajs                                                                                                                                                                                              
CurtisDavies                                                                                                                                                                                            
RandallMatos                                                                                                                                                                                            
PeterVargas                                                                                                                                                                                             
EleniZlotkey                                                                                                                                                                                            
EllenAbel                                                                                                                                                                                               
JonathonTaylor                                                                                                                                                                                          
KimerelyGrant                                                                                                                                                                                           
JenniferWhalen                                                                                                                                                                                          
MichaelHartstein                                                                                                                                                                                        
PatFay                                                                                                                                                                                                  
ShelleyHiggins                                                                                                                                                                                          
WilliamGietz                                                                                                                                                                                            

20 rows selected.

SQL> SELECT CONCAT(FIRST_NAME , LAST_NAME) FROM EMPLOYEES;

CONCAT(FIRST_NAME,LAST_NAME)                                                                                                                                                                            
------------------------------                                                                                                                                                                          
StevenKing                                                                                                                                                                                              
NeenaKochhar                                                                                                                                                                                            
LexDe Haan                                                                                                                                                                                              
AlexanderHunold                                                                                                                                                                                         
BruceErnst                                                                                                                                                                                              
DianaLorentz                                                                                                                                                                                            
KevinMourgos                                                                                                                                                                                            
TrennaRajs                                                                                                                                                                                              
CurtisDavies                                                                                                                                                                                            
RandallMatos                                                                                                                                                                                            
PeterVargas                                                                                                                                                                                             
EleniZlotkey                                                                                                                                                                                            
EllenAbel                                                                                                                                                                                               
JonathonTaylor                                                                                                                                                                                          
KimerelyGrant                                                                                                                                                                                           
JenniferWhalen                                                                                                                                                                                          
MichaelHartstein                                                                                                                                                                                        
PatFay                                                                                                                                                                                                  
ShelleyHiggins                                                                                                                                                                                          
WilliamGietz                                                                                                                                                                                            

20 rows selected.

SQL> REM CHARACTER FUNCTIONS : CONCAT   LPAD RPAD   LTRIM RTRIM TRIM   LENGTH    TRANSLATE REPLACE    SUBSTR INSTR
SQL> 
SQL> REM LPAD : IT WILL ADD SOME CHARACTERS TO THE LEFT OF INPUT
SQL> 
SQL> REM LPAD TAKES 3 ARGUMENTS.
SQL> 
SQL> REM FIRST TWO ARGUMENTS ARE MANDATORY, LAST ARGUMENT IS OPTIONAL.
SQL> 
SQL> SELECT SALARY , LPAD(SALARY,10,'*') FROM EMPLOYEES;

    SALARY LPAD(SALARY,10,'*')                                                                                                                                                                          
---------- ----------------------------------------                                                                                                                                                     
     24000 *****24000                                                                                                                                                                                   
     17000 *****17000                                                                                                                                                                                   
     17000 *****17000                                                                                                                                                                                   
      9000 ******9000                                                                                                                                                                                   
      6000 ******6000                                                                                                                                                                                   
      4200 ******4200                                                                                                                                                                                   
      5800 ******5800                                                                                                                                                                                   
      3500 ******3500                                                                                                                                                                                   
      3100 ******3100                                                                                                                                                                                   
      2600 ******2600                                                                                                                                                                                   
      2500 ******2500                                                                                                                                                                                   
     10500 *****10500                                                                                                                                                                                   
     11000 *****11000                                                                                                                                                                                   
      8600 ******8600                                                                                                                                                                                   
      7000 ******7000                                                                                                                                                                                   
      4400 ******4400                                                                                                                                                                                   
     13000 *****13000                                                                                                                                                                                   
      6000 ******6000                                                                                                                                                                                   
     12000 *****12000                                                                                                                                                                                   
      8300 ******8300                                                                                                                                                                                   

20 rows selected.

SQL> SELECT SALARY , LPAD(SALARY,10,'*#$') FROM EMPLOYEES;

    SALARY LPAD(SALARY,10,'*#$')                                                                                                                                                                        
---------- ----------------------------------------                                                                                                                                                     
     24000 *#$*#24000                                                                                                                                                                                   
     17000 *#$*#17000                                                                                                                                                                                   
     17000 *#$*#17000                                                                                                                                                                                   
      9000 *#$*#$9000                                                                                                                                                                                   
      6000 *#$*#$6000                                                                                                                                                                                   
      4200 *#$*#$4200                                                                                                                                                                                   
      5800 *#$*#$5800                                                                                                                                                                                   
      3500 *#$*#$3500                                                                                                                                                                                   
      3100 *#$*#$3100                                                                                                                                                                                   
      2600 *#$*#$2600                                                                                                                                                                                   
      2500 *#$*#$2500                                                                                                                                                                                   
     10500 *#$*#10500                                                                                                                                                                                   
     11000 *#$*#11000                                                                                                                                                                                   
      8600 *#$*#$8600                                                                                                                                                                                   
      7000 *#$*#$7000                                                                                                                                                                                   
      4400 *#$*#$4400                                                                                                                                                                                   
     13000 *#$*#13000                                                                                                                                                                                   
      6000 *#$*#$6000                                                                                                                                                                                   
     12000 *#$*#12000                                                                                                                                                                                   
      8300 *#$*#$8300                                                                                                                                                                                   

20 rows selected.

SQL> SELECT SALARY , LPAD(SALARY,15') FROM EMPLOYEES;
ERROR:
ORA-01756: quoted string not properly terminated 


SQL> SELECT SALARY , LPAD(SALARY,15) FROM EMPLOYEES;

    SALARY LPAD(SALARY,15)                                                                                                                                                                              
---------- ------------------------------------------------------------                                                                                                                                 
     24000           24000                                                                                                                                                                              
     17000           17000                                                                                                                                                                              
     17000           17000                                                                                                                                                                              
      9000            9000                                                                                                                                                                              
      6000            6000                                                                                                                                                                              
      4200            4200                                                                                                                                                                              
      5800            5800                                                                                                                                                                              
      3500            3500                                                                                                                                                                              
      3100            3100                                                                                                                                                                              
      2600            2600                                                                                                                                                                              
      2500            2500                                                                                                                                                                              
     10500           10500                                                                                                                                                                              
     11000           11000                                                                                                                                                                              
      8600            8600                                                                                                                                                                              
      7000            7000                                                                                                                                                                              
      4400            4400                                                                                                                                                                              
     13000           13000                                                                                                                                                                              
      6000            6000                                                                                                                                                                              
     12000           12000                                                                                                                                                                              
      8300            8300                                                                                                                                                                              

20 rows selected.

SQL> SELECT SALARY , LPAD(SALARY,10,'*A1$') FROM EMPLOYEES;

    SALARY LPAD(SALARY,10,'*A1$')                                                                                                                                                                       
---------- ----------------------------------------                                                                                                                                                     
     24000 *A1$*24000                                                                                                                                                                                   
     17000 *A1$*17000                                                                                                                                                                                   
     17000 *A1$*17000                                                                                                                                                                                   
      9000 *A1$*A9000                                                                                                                                                                                   
      6000 *A1$*A6000                                                                                                                                                                                   
      4200 *A1$*A4200                                                                                                                                                                                   
      5800 *A1$*A5800                                                                                                                                                                                   
      3500 *A1$*A3500                                                                                                                                                                                   
      3100 *A1$*A3100                                                                                                                                                                                   
      2600 *A1$*A2600                                                                                                                                                                                   
      2500 *A1$*A2500                                                                                                                                                                                   
     10500 *A1$*10500                                                                                                                                                                                   
     11000 *A1$*11000                                                                                                                                                                                   
      8600 *A1$*A8600                                                                                                                                                                                   
      7000 *A1$*A7000                                                                                                                                                                                   
      4400 *A1$*A4400                                                                                                                                                                                   
     13000 *A1$*13000                                                                                                                                                                                   
      6000 *A1$*A6000                                                                                                                                                                                   
     12000 *A1$*12000                                                                                                                                                                                   
      8300 *A1$*A8300                                                                                                                                                                                   

20 rows selected.

SQL> SELECT SALARY , LPAD(SALARY,10, FIRST_NAME) FROM EMPLOYEES;

    SALARY LPAD(SALARY,10,FIRST_NAME)                                                                                                                                                                   
---------- ----------------------------------------                                                                                                                                                     
     24000 Steve24000                                                                                                                                                                                   
     17000 Neena17000                                                                                                                                                                                   
     17000 LexLe17000                                                                                                                                                                                   
      9000 Alexan9000                                                                                                                                                                                   
      6000 BruceB6000                                                                                                                                                                                   
      4200 DianaD4200                                                                                                                                                                                   
      5800 KevinK5800                                                                                                                                                                                   
      3500 Trenna3500                                                                                                                                                                                   
      3100 Curtis3100                                                                                                                                                                                   
      2600 Randal2600                                                                                                                                                                                   
      2500 PeterP2500                                                                                                                                                                                   
     10500 Eleni10500                                                                                                                                                                                   
     11000 Ellen11000                                                                                                                                                                                   
      8600 Jonath8600                                                                                                                                                                                   
      7000 Kimere7000                                                                                                                                                                                   
      4400 Jennif4400                                                                                                                                                                                   
     13000 Micha13000                                                                                                                                                                                   
      6000 PatPat6000                                                                                                                                                                                   
     12000 Shell12000                                                                                                                                                                                   
      8300 Willia8300                                                                                                                                                                                   

20 rows selected.

SQL> SELECT SALARY , LPAD(SALARY,5, '*') FROM EMPLOYEES;

    SALARY LPAD(SALARY,5,'*')                                                                                                                                                                           
---------- --------------------                                                                                                                                                                         
     24000 24000                                                                                                                                                                                        
     17000 17000                                                                                                                                                                                        
     17000 17000                                                                                                                                                                                        
      9000 *9000                                                                                                                                                                                        
      6000 *6000                                                                                                                                                                                        
      4200 *4200                                                                                                                                                                                        
      5800 *5800                                                                                                                                                                                        
      3500 *3500                                                                                                                                                                                        
      3100 *3100                                                                                                                                                                                        
      2600 *2600                                                                                                                                                                                        
      2500 *2500                                                                                                                                                                                        
     10500 10500                                                                                                                                                                                        
     11000 11000                                                                                                                                                                                        
      8600 *8600                                                                                                                                                                                        
      7000 *7000                                                                                                                                                                                        
      4400 *4400                                                                                                                                                                                        
     13000 13000                                                                                                                                                                                        
      6000 *6000                                                                                                                                                                                        
     12000 12000                                                                                                                                                                                        
      8300 *8300                                                                                                                                                                                        

20 rows selected.

SQL> SELECT SALARY , LPAD(SALARY,4, '*') FROM EMPLOYEES;

    SALARY LPAD(SALARY,4,'*                                                                                                                                                                             
---------- ----------------                                                                                                                                                                             
     24000 2400                                                                                                                                                                                         
     17000 1700                                                                                                                                                                                         
     17000 1700                                                                                                                                                                                         
      9000 9000                                                                                                                                                                                         
      6000 6000                                                                                                                                                                                         
      4200 4200                                                                                                                                                                                         
      5800 5800                                                                                                                                                                                         
      3500 3500                                                                                                                                                                                         
      3100 3100                                                                                                                                                                                         
      2600 2600                                                                                                                                                                                         
      2500 2500                                                                                                                                                                                         
     10500 1050                                                                                                                                                                                         
     11000 1100                                                                                                                                                                                         
      8600 8600                                                                                                                                                                                         
      7000 7000                                                                                                                                                                                         
      4400 4400                                                                                                                                                                                         
     13000 1300                                                                                                                                                                                         
      6000 6000                                                                                                                                                                                         
     12000 1200                                                                                                                                                                                         
      8300 8300                                                                                                                                                                                         

20 rows selected.

SQL> SELECT SALARY , LPAD(SALARY,3, '*') FROM EMPLOYEES;

    SALARY LPAD(SALARY,                                                                                                                                                                                 
---------- ------------                                                                                                                                                                                 
     24000 240                                                                                                                                                                                          
     17000 170                                                                                                                                                                                          
     17000 170                                                                                                                                                                                          
      9000 900                                                                                                                                                                                          
      6000 600                                                                                                                                                                                          
      4200 420                                                                                                                                                                                          
      5800 580                                                                                                                                                                                          
      3500 350                                                                                                                                                                                          
      3100 310                                                                                                                                                                                          
      2600 260                                                                                                                                                                                          
      2500 250                                                                                                                                                                                          
     10500 105                                                                                                                                                                                          
     11000 110                                                                                                                                                                                          
      8600 860                                                                                                                                                                                          
      7000 700                                                                                                                                                                                          
      4400 440                                                                                                                                                                                          
     13000 130                                                                                                                                                                                          
      6000 600                                                                                                                                                                                          
     12000 120                                                                                                                                                                                          
      8300 830                                                                                                                                                                                          

20 rows selected.

SQL> SELECT FIRST_NAME , SALARY FROM EMPLOYEES;

FIRST_NAME          SALARY                                                                                                                                                                              
--------------- ----------                                                                                                                                                                              
Steven               24000                                                                                                                                                                              
Neena                17000                                                                                                                                                                              
Lex                  17000                                                                                                                                                                              
Alexander             9000                                                                                                                                                                              
Bruce                 6000                                                                                                                                                                              
Diana                 4200                                                                                                                                                                              
Kevin                 5800                                                                                                                                                                              
Trenna                3500                                                                                                                                                                              
Curtis                3100                                                                                                                                                                              
Randall               2600                                                                                                                                                                              
Peter                 2500                                                                                                                                                                              
Eleni                10500                                                                                                                                                                              
Ellen                11000                                                                                                                                                                              
Jonathon              8600                                                                                                                                                                              
Kimerely              7000                                                                                                                                                                              
Jennifer              4400                                                                                                                                                                              
Michael              13000                                                                                                                                                                              
Pat                   6000                                                                                                                                                                              
Shelley              12000                                                                                                                                                                              
William               8300                                                                                                                                                                              

20 rows selected.

SQL> SELECT FIRST_NAME , LPAD(FIRST_NAME,10)  FROM EMPLOYEES;

FIRST_NAME      LPAD(FIRST_NAME,10)                                                                                                                                                                     
--------------- ----------------------------------------                                                                                                                                                
Steven              Steven                                                                                                                                                                              
Neena                Neena                                                                                                                                                                              
Lex                    Lex                                                                                                                                                                              
Alexander        Alexander                                                                                                                                                                              
Bruce                Bruce                                                                                                                                                                              
Diana                Diana                                                                                                                                                                              
Kevin                Kevin                                                                                                                                                                              
Trenna              Trenna                                                                                                                                                                              
Curtis              Curtis                                                                                                                                                                              
Randall            Randall                                                                                                                                                                              
Peter                Peter                                                                                                                                                                              
Eleni                Eleni                                                                                                                                                                              
Ellen                Ellen                                                                                                                                                                              
Jonathon          Jonathon                                                                                                                                                                              
Kimerely          Kimerely                                                                                                                                                                              
Jennifer          Jennifer                                                                                                                                                                              
Michael            Michael                                                                                                                                                                              
Pat                    Pat                                                                                                                                                                              
Shelley            Shelley                                                                                                                                                                              
William            William                                                                                                                                                                              

20 rows selected.

SQL> SELECT PHONE_NUMBER , LPAD(PHONE_NUMBER,20)  FROM EMPLOYEES;

PHONE_NUMBER         LPAD(PHONE_NUMBER,20)                                                                                                                                                              
-------------------- --------------------------------------------------------------------------------                                                                                                   
515.123.4567                 515.123.4567                                                                                                                                                               
515.123.4568                 515.123.4568                                                                                                                                                               
515.123.4569                 515.123.4569                                                                                                                                                               
590.423.4567                 590.423.4567                                                                                                                                                               
590.423.4568                 590.423.4568                                                                                                                                                               
590.423.5567                 590.423.5567                                                                                                                                                               
650.123.5234                 650.123.5234                                                                                                                                                               
650.121.8009                 650.121.8009                                                                                                                                                               
650.121.2994                 650.121.2994                                                                                                                                                               
650.121.2874                 650.121.2874                                                                                                                                                               
650.121.2004                 650.121.2004                                                                                                                                                               
011.44.1344.429018     011.44.1344.429018                                                                                                                                                               
011.44.1644.429267     011.44.1644.429267                                                                                                                                                               
011.44.1644.429265     011.44.1644.429265                                                                                                                                                               
011.44.1644.429263     011.44.1644.429263                                                                                                                                                               
515.123.4444                 515.123.4444                                                                                                                                                               
515.123.5555                 515.123.5555                                                                                                                                                               
603.123.6666                 603.123.6666                                                                                                                                                               
515.123.8080                 515.123.8080                                                                                                                                                               
515.123.8181                 515.123.8181                                                                                                                                                               

20 rows selected.

SQL> REM RPAD : IT WILL ADD SOME CHARACTERS TO THE RIGHT OF INPUT
SQL> 
SQL> REM RPAD TAKES 3 ARGUMENTS.
SQL> 
SQL> REM FIRST TWO ARGUMENTS ARE MANDATORY, LAST ARGUMENT IS OPTIONAL.
SQL> 
SQL> SELECT SALARY , LPAD(SALARY,10,'*') , RPAD(SALARY,10,'*') FROM EMPLOYEES;

    SALARY LPAD(SALARY,10,'*')                      RPAD(SALARY,10,'*')                                                                                                                                 
---------- ---------------------------------------- ----------------------------------------                                                                                                            
     24000 *****24000                               24000*****                                                                                                                                          
     17000 *****17000                               17000*****                                                                                                                                          
     17000 *****17000                               17000*****                                                                                                                                          
      9000 ******9000                               9000******                                                                                                                                          
      6000 ******6000                               6000******                                                                                                                                          
      4200 ******4200                               4200******                                                                                                                                          
      5800 ******5800                               5800******                                                                                                                                          
      3500 ******3500                               3500******                                                                                                                                          
      3100 ******3100                               3100******                                                                                                                                          
      2600 ******2600                               2600******                                                                                                                                          
      2500 ******2500                               2500******                                                                                                                                          
     10500 *****10500                               10500*****                                                                                                                                          
     11000 *****11000                               11000*****                                                                                                                                          
      8600 ******8600                               8600******                                                                                                                                          
      7000 ******7000                               7000******                                                                                                                                          
      4400 ******4400                               4400******                                                                                                                                          
     13000 *****13000                               13000*****                                                                                                                                          
      6000 ******6000                               6000******                                                                                                                                          
     12000 *****12000                               12000*****                                                                                                                                          
      8300 ******8300                               8300******                                                                                                                                          

20 rows selected.

SQL> SELECT SALARY , LPAD(SALARY,10,'*+') , RPAD(SALARY,10,'*+') FROM EMPLOYEES;

    SALARY LPAD(SALARY,10,'*+')                     RPAD(SALARY,10,'*+')                                                                                                                                
---------- ---------------------------------------- ----------------------------------------                                                                                                            
     24000 *+*+*24000                               24000*+*+*                                                                                                                                          
     17000 *+*+*17000                               17000*+*+*                                                                                                                                          
     17000 *+*+*17000                               17000*+*+*                                                                                                                                          
      9000 *+*+*+9000                               9000*+*+*+                                                                                                                                          
      6000 *+*+*+6000                               6000*+*+*+                                                                                                                                          
      4200 *+*+*+4200                               4200*+*+*+                                                                                                                                          
      5800 *+*+*+5800                               5800*+*+*+                                                                                                                                          
      3500 *+*+*+3500                               3500*+*+*+                                                                                                                                          
      3100 *+*+*+3100                               3100*+*+*+                                                                                                                                          
      2600 *+*+*+2600                               2600*+*+*+                                                                                                                                          
      2500 *+*+*+2500                               2500*+*+*+                                                                                                                                          
     10500 *+*+*10500                               10500*+*+*                                                                                                                                          
     11000 *+*+*11000                               11000*+*+*                                                                                                                                          
      8600 *+*+*+8600                               8600*+*+*+                                                                                                                                          
      7000 *+*+*+7000                               7000*+*+*+                                                                                                                                          
      4400 *+*+*+4400                               4400*+*+*+                                                                                                                                          
     13000 *+*+*13000                               13000*+*+*                                                                                                                                          
      6000 *+*+*+6000                               6000*+*+*+                                                                                                                                          
     12000 *+*+*12000                               12000*+*+*                                                                                                                                          
      8300 *+*+*+8300                               8300*+*+*+                                                                                                                                          

20 rows selected.

SQL> SELECT SALARY , LPAD(SALARY,15) , RPAD(SALARY,15) FROM EMPLOYEES;

    SALARY LPAD(SALARY,15)                                              RPAD(SALARY,15)                                                                                                                 
---------- ------------------------------------------------------------ ------------------------------------------------------------                                                                    
     24000           24000                                              24000                                                                                                                           
     17000           17000                                              17000                                                                                                                           
     17000           17000                                              17000                                                                                                                           
      9000            9000                                              9000                                                                                                                            
      6000            6000                                              6000                                                                                                                            
      4200            4200                                              4200                                                                                                                            
      5800            5800                                              5800                                                                                                                            
      3500            3500                                              3500                                                                                                                            
      3100            3100                                              3100                                                                                                                            
      2600            2600                                              2600                                                                                                                            
      2500            2500                                              2500                                                                                                                            
     10500           10500                                              10500                                                                                                                           
     11000           11000                                              11000                                                                                                                           
      8600            8600                                              8600                                                                                                                            
      7000            7000                                              7000                                                                                                                            
      4400            4400                                              4400                                                                                                                            
     13000           13000                                              13000                                                                                                                           
      6000            6000                                              6000                                                                                                                            
     12000           12000                                              12000                                                                                                                           
      8300            8300                                              8300                                                                                                                            

20 rows selected.

SQL> SELECT SALARY , LPAD(SALARY,4) , RPAD(SALARY,4) FROM EMPLOYEES;

    SALARY LPAD(SALARY,4)   RPAD(SALARY,4)                                                                                                                                                              
---------- ---------------- ----------------                                                                                                                                                            
     24000 2400             2400                                                                                                                                                                        
     17000 1700             1700                                                                                                                                                                        
     17000 1700             1700                                                                                                                                                                        
      9000 9000             9000                                                                                                                                                                        
      6000 6000             6000                                                                                                                                                                        
      4200 4200             4200                                                                                                                                                                        
      5800 5800             5800                                                                                                                                                                        
      3500 3500             3500                                                                                                                                                                        
      3100 3100             3100                                                                                                                                                                        
      2600 2600             2600                                                                                                                                                                        
      2500 2500             2500                                                                                                                                                                        
     10500 1050             1050                                                                                                                                                                        
     11000 1100             1100                                                                                                                                                                        
      8600 8600             8600                                                                                                                                                                        
      7000 7000             7000                                                                                                                                                                        
      4400 4400             4400                                                                                                                                                                        
     13000 1300             1300                                                                                                                                                                        
      6000 6000             6000                                                                                                                                                                        
     12000 1200             1200                                                                                                                                                                        
      8300 8300             8300                                                                                                                                                                        

20 rows selected.

SQL> SELECT HIRE_DATE FROM EMPLOYEES;

HIRE_DATE                                                                                                                                                                                               
---------                                                                                                                                                                                               
17-JUL-87                                                                                                                                                                                               
21-SEP-89                                                                                                                                                                                               
13-JAN-93                                                                                                                                                                                               
03-JAN-90                                                                                                                                                                                               
21-MAY-91                                                                                                                                                                                               
07-FEB-99                                                                                                                                                                                               
16-NOV-99                                                                                                                                                                                               
17-OCT-95                                                                                                                                                                                               
29-JAN-97                                                                                                                                                                                               
15-MAR-98                                                                                                                                                                                               
09-JUL-98                                                                                                                                                                                               
29-JAN-00                                                                                                                                                                                               
11-MAY-96                                                                                                                                                                                               
24-MAR-98                                                                                                                                                                                               
24-MAY-99                                                                                                                                                                                               
17-SEP-87                                                                                                                                                                                               
17-FEB-96                                                                                                                                                                                               
17-AUG-97                                                                                                                                                                                               
07-JUN-94                                                                                                                                                                                               
07-JUN-94                                                                                                                                                                                               

20 rows selected.

SQL> REM ---17-JUL-87+++
SQL> 
SQL> REM 1 || 2 CONCAT 3 CONCAT || 4 LPAD+RPAD 5 LPAD 6 RPAD
SQL> 
SQL> SELECT '---' || HIRE_DATE || '+++' FROM EMPLOYEES;

'---'||HIRE_DATE||'+++'                                                                                                                                                                                 
------------------------                                                                                                                                                                                
---17-JUL-87+++                                                                                                                                                                                         
---21-SEP-89+++                                                                                                                                                                                         
---13-JAN-93+++                                                                                                                                                                                         
---03-JAN-90+++                                                                                                                                                                                         
---21-MAY-91+++                                                                                                                                                                                         
---07-FEB-99+++                                                                                                                                                                                         
---16-NOV-99+++                                                                                                                                                                                         
---17-OCT-95+++                                                                                                                                                                                         
---29-JAN-97+++                                                                                                                                                                                         
---15-MAR-98+++                                                                                                                                                                                         
---09-JUL-98+++                                                                                                                                                                                         
---29-JAN-00+++                                                                                                                                                                                         
---11-MAY-96+++                                                                                                                                                                                         
---24-MAR-98+++                                                                                                                                                                                         
---24-MAY-99+++                                                                                                                                                                                         
---17-SEP-87+++                                                                                                                                                                                         
---17-FEB-96+++                                                                                                                                                                                         
---17-AUG-97+++                                                                                                                                                                                         
---07-JUN-94+++                                                                                                                                                                                         
---07-JUN-94+++                                                                                                                                                                                         

20 rows selected.

SQL> SELECT CONCAT('---',CONCAT(HIRE_DATE , '+++')) FROM EMPLOYEES;

CONCAT('---',CONCAT(HIRE                                                                                                                                                                                
------------------------                                                                                                                                                                                
---17-JUL-87+++                                                                                                                                                                                         
---21-SEP-89+++                                                                                                                                                                                         
---13-JAN-93+++                                                                                                                                                                                         
---03-JAN-90+++                                                                                                                                                                                         
---21-MAY-91+++                                                                                                                                                                                         
---07-FEB-99+++                                                                                                                                                                                         
---16-NOV-99+++                                                                                                                                                                                         
---17-OCT-95+++                                                                                                                                                                                         
---29-JAN-97+++                                                                                                                                                                                         
---15-MAR-98+++                                                                                                                                                                                         
---09-JUL-98+++                                                                                                                                                                                         
---29-JAN-00+++                                                                                                                                                                                         
---11-MAY-96+++                                                                                                                                                                                         
---24-MAR-98+++                                                                                                                                                                                         
---24-MAY-99+++                                                                                                                                                                                         
---17-SEP-87+++                                                                                                                                                                                         
---17-FEB-96+++                                                                                                                                                                                         
---17-AUG-97+++                                                                                                                                                                                         
---07-JUN-94+++                                                                                                                                                                                         
---07-JUN-94+++                                                                                                                                                                                         

20 rows selected.

SQL> SELECT '---' ||CONCAT(HIRE_DATE , '+++') FROM EMPLOYEES;

'---'||CONCAT(HIRE_DATE,                                                                                                                                                                                
------------------------                                                                                                                                                                                
---17-JUL-87+++                                                                                                                                                                                         
---21-SEP-89+++                                                                                                                                                                                         
---13-JAN-93+++                                                                                                                                                                                         
---03-JAN-90+++                                                                                                                                                                                         
---21-MAY-91+++                                                                                                                                                                                         
---07-FEB-99+++                                                                                                                                                                                         
---16-NOV-99+++                                                                                                                                                                                         
---17-OCT-95+++                                                                                                                                                                                         
---29-JAN-97+++                                                                                                                                                                                         
---15-MAR-98+++                                                                                                                                                                                         
---09-JUL-98+++                                                                                                                                                                                         
---29-JAN-00+++                                                                                                                                                                                         
---11-MAY-96+++                                                                                                                                                                                         
---24-MAR-98+++                                                                                                                                                                                         
---24-MAY-99+++                                                                                                                                                                                         
---17-SEP-87+++                                                                                                                                                                                         
---17-FEB-96+++                                                                                                                                                                                         
---17-AUG-97+++                                                                                                                                                                                         
---07-JUN-94+++                                                                                                                                                                                         
---07-JUN-94+++                                                                                                                                                                                         

20 rows selected.

SQL> SELECT RPAD(LPAD(HIRE_DATE,12,'-'),15,'+') FROM EMPLOYEES;

RPAD(LPAD(HIRE_DATE,12,'-'),15,'+')                                                                                                                                                                     
------------------------------------------------------------                                                                                                                                            
---17-JUL-87+++                                                                                                                                                                                         
---21-SEP-89+++                                                                                                                                                                                         
---13-JAN-93+++                                                                                                                                                                                         
---03-JAN-90+++                                                                                                                                                                                         
---21-MAY-91+++                                                                                                                                                                                         
---07-FEB-99+++                                                                                                                                                                                         
---16-NOV-99+++                                                                                                                                                                                         
---17-OCT-95+++                                                                                                                                                                                         
---29-JAN-97+++                                                                                                                                                                                         
---15-MAR-98+++                                                                                                                                                                                         
---09-JUL-98+++                                                                                                                                                                                         
---29-JAN-00+++                                                                                                                                                                                         
---11-MAY-96+++                                                                                                                                                                                         
---24-MAR-98+++                                                                                                                                                                                         
---24-MAY-99+++                                                                                                                                                                                         
---17-SEP-87+++                                                                                                                                                                                         
---17-FEB-96+++                                                                                                                                                                                         
---17-AUG-97+++                                                                                                                                                                                         
---07-JUN-94+++                                                                                                                                                                                         
---07-JUN-94+++                                                                                                                                                                                         

20 rows selected.

SQL> SELECT LLPAD(HIRE_DATE,12,'-') FROM EMPLOYEES;
SELECT LLPAD(HIRE_DATE,12,'-') FROM EMPLOYEES
       *
ERROR at line 1:
ORA-00904: "LLPAD": invalid identifier 


SQL> SELECT LPAD(HIRE_DATE,12,'-') FROM EMPLOYEES;

LPAD(HIRE_DATE,12,'-')                                                                                                                                                                                  
------------------------------------------------                                                                                                                                                        
---17-JUL-87                                                                                                                                                                                            
---21-SEP-89                                                                                                                                                                                            
---13-JAN-93                                                                                                                                                                                            
---03-JAN-90                                                                                                                                                                                            
---21-MAY-91                                                                                                                                                                                            
---07-FEB-99                                                                                                                                                                                            
---16-NOV-99                                                                                                                                                                                            
---17-OCT-95                                                                                                                                                                                            
---29-JAN-97                                                                                                                                                                                            
---15-MAR-98                                                                                                                                                                                            
---09-JUL-98                                                                                                                                                                                            
---29-JAN-00                                                                                                                                                                                            
---11-MAY-96                                                                                                                                                                                            
---24-MAR-98                                                                                                                                                                                            
---24-MAY-99                                                                                                                                                                                            
---17-SEP-87                                                                                                                                                                                            
---17-FEB-96                                                                                                                                                                                            
---17-AUG-97                                                                                                                                                                                            
---07-JUN-94                                                                                                                                                                                            
---07-JUN-94                                                                                                                                                                                            

20 rows selected.

SQL> SELECT LPAD('+++',15,LPAD(HIRE_DATE,12,'-')) FROM EMPLOYEES;

LPAD('+++',15,LPAD(HIRE_DATE,12,'-'))                                                                                                                                                                   
------------------------------------------------------------                                                                                                                                            
---17-JUL-87+++                                                                                                                                                                                         
---21-SEP-89+++                                                                                                                                                                                         
---13-JAN-93+++                                                                                                                                                                                         
---03-JAN-90+++                                                                                                                                                                                         
---21-MAY-91+++                                                                                                                                                                                         
---07-FEB-99+++                                                                                                                                                                                         
---16-NOV-99+++                                                                                                                                                                                         
---17-OCT-95+++                                                                                                                                                                                         
---29-JAN-97+++                                                                                                                                                                                         
---15-MAR-98+++                                                                                                                                                                                         
---09-JUL-98+++                                                                                                                                                                                         
---29-JAN-00+++                                                                                                                                                                                         
---11-MAY-96+++                                                                                                                                                                                         
---24-MAR-98+++                                                                                                                                                                                         
---24-MAY-99+++                                                                                                                                                                                         
---17-SEP-87+++                                                                                                                                                                                         
---17-FEB-96+++                                                                                                                                                                                         
---17-AUG-97+++                                                                                                                                                                                         
---07-JUN-94+++                                                                                                                                                                                         
---07-JUN-94+++                                                                                                                                                                                         

20 rows selected.

SQL> SELECT RPAD('---',15,RPAD(HIRE_DATE,12,'+++')) FROM EMPLOYEES;

RPAD('---',15,RPAD(HIRE_DATE,12,'+++'))                                                                                                                                                                 
------------------------------------------------------------                                                                                                                                            
---17-JUL-87+++                                                                                                                                                                                         
---21-SEP-89+++                                                                                                                                                                                         
---13-JAN-93+++                                                                                                                                                                                         
---03-JAN-90+++                                                                                                                                                                                         
---21-MAY-91+++                                                                                                                                                                                         
---07-FEB-99+++                                                                                                                                                                                         
---16-NOV-99+++                                                                                                                                                                                         
---17-OCT-95+++                                                                                                                                                                                         
---29-JAN-97+++                                                                                                                                                                                         
---15-MAR-98+++                                                                                                                                                                                         
---09-JUL-98+++                                                                                                                                                                                         
---29-JAN-00+++                                                                                                                                                                                         
---11-MAY-96+++                                                                                                                                                                                         
---24-MAR-98+++                                                                                                                                                                                         
---24-MAY-99+++                                                                                                                                                                                         
---17-SEP-87+++                                                                                                                                                                                         
---17-FEB-96+++                                                                                                                                                                                         
---17-AUG-97+++                                                                                                                                                                                         
---07-JUN-94+++                                                                                                                                                                                         
---07-JUN-94+++                                                                                                                                                                                         

20 rows selected.

SQL> REM LTRIM : TO REMOVE CHARACTERS FROM LEFT OF THE INPUT.
SQL> 
SQL> SELECT HIRE_DATE , LTRIM(HIRE_DATE,'1') FROM EMPLOYEES;

HIRE_DATE LTRIM(HIRE_DATE,'1                                                                                                                                                                            
--------- ------------------                                                                                                                                                                            
17-JUL-87 7-JUL-87                                                                                                                                                                                      
21-SEP-89 21-SEP-89                                                                                                                                                                                     
13-JAN-93 3-JAN-93                                                                                                                                                                                      
03-JAN-90 03-JAN-90                                                                                                                                                                                     
21-MAY-91 21-MAY-91                                                                                                                                                                                     
07-FEB-99 07-FEB-99                                                                                                                                                                                     
16-NOV-99 6-NOV-99                                                                                                                                                                                      
17-OCT-95 7-OCT-95                                                                                                                                                                                      
29-JAN-97 29-JAN-97                                                                                                                                                                                     
15-MAR-98 5-MAR-98                                                                                                                                                                                      
09-JUL-98 09-JUL-98                                                                                                                                                                                     
29-JAN-00 29-JAN-00                                                                                                                                                                                     
11-MAY-96 -MAY-96                                                                                                                                                                                       
24-MAR-98 24-MAR-98                                                                                                                                                                                     
24-MAY-99 24-MAY-99                                                                                                                                                                                     
17-SEP-87 7-SEP-87                                                                                                                                                                                      
17-FEB-96 7-FEB-96                                                                                                                                                                                      
17-AUG-97 7-AUG-97                                                                                                                                                                                      
07-JUN-94 07-JUN-94                                                                                                                                                                                     
07-JUN-94 07-JUN-94                                                                                                                                                                                     

20 rows selected.

SQL> SELECT HIRE_DATE , LTRIM(HIRE_DATE,'71') FROM EMPLOYEES;

HIRE_DATE LTRIM(HIRE_DATE,'7                                                                                                                                                                            
--------- ------------------                                                                                                                                                                            
17-JUL-87 -JUL-87                                                                                                                                                                                       
21-SEP-89 21-SEP-89                                                                                                                                                                                     
13-JAN-93 3-JAN-93                                                                                                                                                                                      
03-JAN-90 03-JAN-90                                                                                                                                                                                     
21-MAY-91 21-MAY-91                                                                                                                                                                                     
07-FEB-99 07-FEB-99                                                                                                                                                                                     
16-NOV-99 6-NOV-99                                                                                                                                                                                      
17-OCT-95 -OCT-95                                                                                                                                                                                       
29-JAN-97 29-JAN-97                                                                                                                                                                                     
15-MAR-98 5-MAR-98                                                                                                                                                                                      
09-JUL-98 09-JUL-98                                                                                                                                                                                     
29-JAN-00 29-JAN-00                                                                                                                                                                                     
11-MAY-96 -MAY-96                                                                                                                                                                                       
24-MAR-98 24-MAR-98                                                                                                                                                                                     
24-MAY-99 24-MAY-99                                                                                                                                                                                     
17-SEP-87 -SEP-87                                                                                                                                                                                       
17-FEB-96 -FEB-96                                                                                                                                                                                       
17-AUG-97 -AUG-97                                                                                                                                                                                       
07-JUN-94 07-JUN-94                                                                                                                                                                                     
07-JUN-94 07-JUN-94                                                                                                                                                                                     

20 rows selected.

SQL> SELECT HIRE_DATE,LTRIM(HIRE_DATE,'1723067924') FROM EMPLOYEES;

HIRE_DATE LTRIM(HIRE_DATE,'1                                                                                                                                                                            
--------- ------------------                                                                                                                                                                            
17-JUL-87 -JUL-87                                                                                                                                                                                       
21-SEP-89 -SEP-89                                                                                                                                                                                       
13-JAN-93 -JAN-93                                                                                                                                                                                       
03-JAN-90 -JAN-90                                                                                                                                                                                       
21-MAY-91 -MAY-91                                                                                                                                                                                       
07-FEB-99 -FEB-99                                                                                                                                                                                       
16-NOV-99 -NOV-99                                                                                                                                                                                       
17-OCT-95 -OCT-95                                                                                                                                                                                       
29-JAN-97 -JAN-97                                                                                                                                                                                       
15-MAR-98 5-MAR-98                                                                                                                                                                                      
09-JUL-98 -JUL-98                                                                                                                                                                                       
29-JAN-00 -JAN-00                                                                                                                                                                                       
11-MAY-96 -MAY-96                                                                                                                                                                                       
24-MAR-98 -MAR-98                                                                                                                                                                                       
24-MAY-99 -MAY-99                                                                                                                                                                                       
17-SEP-87 -SEP-87                                                                                                                                                                                       
17-FEB-96 -FEB-96                                                                                                                                                                                       
17-AUG-97 -AUG-97                                                                                                                                                                                       
07-JUN-94 -JUN-94                                                                                                                                                                                       
07-JUN-94 -JUN-94                                                                                                                                                                                       

20 rows selected.

SQL> SELECT HIRE_DATE,LTRIM(HIRE_DATE,'1234567890') FROM EMPLOYEES;

HIRE_DATE LTRIM(HIRE_DATE,'1                                                                                                                                                                            
--------- ------------------                                                                                                                                                                            
17-JUL-87 -JUL-87                                                                                                                                                                                       
21-SEP-89 -SEP-89                                                                                                                                                                                       
13-JAN-93 -JAN-93                                                                                                                                                                                       
03-JAN-90 -JAN-90                                                                                                                                                                                       
21-MAY-91 -MAY-91                                                                                                                                                                                       
07-FEB-99 -FEB-99                                                                                                                                                                                       
16-NOV-99 -NOV-99                                                                                                                                                                                       
17-OCT-95 -OCT-95                                                                                                                                                                                       
29-JAN-97 -JAN-97                                                                                                                                                                                       
15-MAR-98 -MAR-98                                                                                                                                                                                       
09-JUL-98 -JUL-98                                                                                                                                                                                       
29-JAN-00 -JAN-00                                                                                                                                                                                       
11-MAY-96 -MAY-96                                                                                                                                                                                       
24-MAR-98 -MAR-98                                                                                                                                                                                       
24-MAY-99 -MAY-99                                                                                                                                                                                       
17-SEP-87 -SEP-87                                                                                                                                                                                       
17-FEB-96 -FEB-96                                                                                                                                                                                       
17-AUG-97 -AUG-97                                                                                                                                                                                       
07-JUN-94 -JUN-94                                                                                                                                                                                       
07-JUN-94 -JUN-94                                                                                                                                                                                       

20 rows selected.

SQL> SELECT HIRE_DATE,LTRIM(HIRE_DATE,'1234567890-') FROM EMPLOYEES;

HIRE_DATE LTRIM(HIRE_DATE,'1                                                                                                                                                                            
--------- ------------------                                                                                                                                                                            
17-JUL-87 JUL-87                                                                                                                                                                                        
21-SEP-89 SEP-89                                                                                                                                                                                        
13-JAN-93 JAN-93                                                                                                                                                                                        
03-JAN-90 JAN-90                                                                                                                                                                                        
21-MAY-91 MAY-91                                                                                                                                                                                        
07-FEB-99 FEB-99                                                                                                                                                                                        
16-NOV-99 NOV-99                                                                                                                                                                                        
17-OCT-95 OCT-95                                                                                                                                                                                        
29-JAN-97 JAN-97                                                                                                                                                                                        
15-MAR-98 MAR-98                                                                                                                                                                                        
09-JUL-98 JUL-98                                                                                                                                                                                        
29-JAN-00 JAN-00                                                                                                                                                                                        
11-MAY-96 MAY-96                                                                                                                                                                                        
24-MAR-98 MAR-98                                                                                                                                                                                        
24-MAY-99 MAY-99                                                                                                                                                                                        
17-SEP-87 SEP-87                                                                                                                                                                                        
17-FEB-96 FEB-96                                                                                                                                                                                        
17-AUG-97 AUG-97                                                                                                                                                                                        
07-JUN-94 JUN-94                                                                                                                                                                                        
07-JUN-94 JUN-94                                                                                                                                                                                        

20 rows selected.

SQL> select LTRIM(LTRIM(HIRE_DATE , '1234567890'),'-qwertyuiopasdfghjklzxcvbnm') from employees;

LTRIM(LTRIM(HIRE_D                                                                                                                                                                                      
------------------                                                                                                                                                                                      
JUL-87                                                                                                                                                                                                  
SEP-89                                                                                                                                                                                                  
JAN-93                                                                                                                                                                                                  
JAN-90                                                                                                                                                                                                  
MAY-91                                                                                                                                                                                                  
FEB-99                                                                                                                                                                                                  
NOV-99                                                                                                                                                                                                  
OCT-95                                                                                                                                                                                                  
JAN-97                                                                                                                                                                                                  
MAR-98                                                                                                                                                                                                  
JUL-98                                                                                                                                                                                                  
JAN-00                                                                                                                                                                                                  
MAY-96                                                                                                                                                                                                  
MAR-98                                                                                                                                                                                                  
MAY-99                                                                                                                                                                                                  
SEP-87                                                                                                                                                                                                  
FEB-96                                                                                                                                                                                                  
AUG-97                                                                                                                                                                                                  
JUN-94                                                                                                                                                                                                  
JUN-94                                                                                                                                                                                                  

20 rows selected.

SQL> select HIRE_DATE , LTRIM(LTRIM(HIRE_DATE , '1234567890'),'-qwertyuiopasdfghjklzxcvbnm') from employees;

HIRE_DATE LTRIM(LTRIM(HIRE_D                                                                                                                                                                            
--------- ------------------                                                                                                                                                                            
17-JUL-87 JUL-87                                                                                                                                                                                        
21-SEP-89 SEP-89                                                                                                                                                                                        
13-JAN-93 JAN-93                                                                                                                                                                                        
03-JAN-90 JAN-90                                                                                                                                                                                        
21-MAY-91 MAY-91                                                                                                                                                                                        
07-FEB-99 FEB-99                                                                                                                                                                                        
16-NOV-99 NOV-99                                                                                                                                                                                        
17-OCT-95 OCT-95                                                                                                                                                                                        
29-JAN-97 JAN-97                                                                                                                                                                                        
15-MAR-98 MAR-98                                                                                                                                                                                        
09-JUL-98 JUL-98                                                                                                                                                                                        
29-JAN-00 JAN-00                                                                                                                                                                                        
11-MAY-96 MAY-96                                                                                                                                                                                        
24-MAR-98 MAR-98                                                                                                                                                                                        
24-MAY-99 MAY-99                                                                                                                                                                                        
17-SEP-87 SEP-87                                                                                                                                                                                        
17-FEB-96 FEB-96                                                                                                                                                                                        
17-AUG-97 AUG-97                                                                                                                                                                                        
07-JUN-94 JUN-94                                                                                                                                                                                        
07-JUN-94 JUN-94                                                                                                                                                                                        

20 rows selected.

SQL> select HIRE_DATE , LTRIM(LTRIM(HIRE_DATE , '1234567890'),'-QWERTYUIOPASDFGHJKLZXCVBNM') from employees;

HIRE_DATE LTRIM(LTRIM(HIRE_D                                                                                                                                                                            
--------- ------------------                                                                                                                                                                            
17-JUL-87 87                                                                                                                                                                                            
21-SEP-89 89                                                                                                                                                                                            
13-JAN-93 93                                                                                                                                                                                            
03-JAN-90 90                                                                                                                                                                                            
21-MAY-91 91                                                                                                                                                                                            
07-FEB-99 99                                                                                                                                                                                            
16-NOV-99 99                                                                                                                                                                                            
17-OCT-95 95                                                                                                                                                                                            
29-JAN-97 97                                                                                                                                                                                            
15-MAR-98 98                                                                                                                                                                                            
09-JUL-98 98                                                                                                                                                                                            
29-JAN-00 00                                                                                                                                                                                            
11-MAY-96 96                                                                                                                                                                                            
24-MAR-98 98                                                                                                                                                                                            
24-MAY-99 99                                                                                                                                                                                            
17-SEP-87 87                                                                                                                                                                                            
17-FEB-96 96                                                                                                                                                                                            
17-AUG-97 97                                                                                                                                                                                            
07-JUN-94 94                                                                                                                                                                                            
07-JUN-94 94                                                                                                                                                                                            

20 rows selected.

SQL> REM RTRIM : TO REMOVE CHARACTERS FROM RIGHT OF THE INPUT.
SQL> 
SQL> SELECT HIRE_DATE FROM EMPLOYEES;

HIRE_DATE                                                                                                                                                                                               
---------                                                                                                                                                                                               
17-JUL-87                                                                                                                                                                                               
21-SEP-89                                                                                                                                                                                               
13-JAN-93                                                                                                                                                                                               
03-JAN-90                                                                                                                                                                                               
21-MAY-91                                                                                                                                                                                               
07-FEB-99                                                                                                                                                                                               
16-NOV-99                                                                                                                                                                                               
17-OCT-95                                                                                                                                                                                               
29-JAN-97                                                                                                                                                                                               
15-MAR-98                                                                                                                                                                                               
09-JUL-98                                                                                                                                                                                               
29-JAN-00                                                                                                                                                                                               
11-MAY-96                                                                                                                                                                                               
24-MAR-98                                                                                                                                                                                               
24-MAY-99                                                                                                                                                                                               
17-SEP-87                                                                                                                                                                                               
17-FEB-96                                                                                                                                                                                               
17-AUG-97                                                                                                                                                                                               
07-JUN-94                                                                                                                                                                                               
07-JUN-94                                                                                                                                                                                               

20 rows selected.

SQL> SELECT HIRE_DATE , RTRIM(HIRE_DATE,'98') FROM EMPLOYEES
  2  
SQL> 
SQL> /*
SQL> 21-SEP-89
SQL> 07-FEB-99
SQL> 15-MAR-98
SQL> */
SQL> 
SQL> SELECT HIRE_DATE , RTRIM(HIRE_DATE,'98') FROM EMPLOYEES;

HIRE_DATE RTRIM(HIRE_DATE,'9                                                                                                                                                                            
--------- ------------------                                                                                                                                                                            
17-JUL-87 17-JUL-87                                                                                                                                                                                     
21-SEP-89 21-SEP-                                                                                                                                                                                       
13-JAN-93 13-JAN-93                                                                                                                                                                                     
03-JAN-90 03-JAN-90                                                                                                                                                                                     
21-MAY-91 21-MAY-91                                                                                                                                                                                     
07-FEB-99 07-FEB-                                                                                                                                                                                       
16-NOV-99 16-NOV-                                                                                                                                                                                       
17-OCT-95 17-OCT-95                                                                                                                                                                                     
29-JAN-97 29-JAN-97                                                                                                                                                                                     
15-MAR-98 15-MAR-                                                                                                                                                                                       
09-JUL-98 09-JUL-                                                                                                                                                                                       
29-JAN-00 29-JAN-00                                                                                                                                                                                     
11-MAY-96 11-MAY-96                                                                                                                                                                                     
24-MAR-98 24-MAR-                                                                                                                                                                                       
24-MAY-99 24-MAY-                                                                                                                                                                                       
17-SEP-87 17-SEP-87                                                                                                                                                                                     
17-FEB-96 17-FEB-96                                                                                                                                                                                     
17-AUG-97 17-AUG-97                                                                                                                                                                                     
07-JUN-94 07-JUN-94                                                                                                                                                                                     
07-JUN-94 07-JUN-94                                                                                                                                                                                     

20 rows selected.

SQL> SELECT HIRE_DATE , LTRIM(HIRE_DATE,'1234567890-') FROM EMPLOYEES;

HIRE_DATE LTRIM(HIRE_DATE,'1                                                                                                                                                                            
--------- ------------------                                                                                                                                                                            
17-JUL-87 JUL-87                                                                                                                                                                                        
21-SEP-89 SEP-89                                                                                                                                                                                        
13-JAN-93 JAN-93                                                                                                                                                                                        
03-JAN-90 JAN-90                                                                                                                                                                                        
21-MAY-91 MAY-91                                                                                                                                                                                        
07-FEB-99 FEB-99                                                                                                                                                                                        
16-NOV-99 NOV-99                                                                                                                                                                                        
17-OCT-95 OCT-95                                                                                                                                                                                        
29-JAN-97 JAN-97                                                                                                                                                                                        
15-MAR-98 MAR-98                                                                                                                                                                                        
09-JUL-98 JUL-98                                                                                                                                                                                        
29-JAN-00 JAN-00                                                                                                                                                                                        
11-MAY-96 MAY-96                                                                                                                                                                                        
24-MAR-98 MAR-98                                                                                                                                                                                        
24-MAY-99 MAY-99                                                                                                                                                                                        
17-SEP-87 SEP-87                                                                                                                                                                                        
17-FEB-96 FEB-96                                                                                                                                                                                        
17-AUG-97 AUG-97                                                                                                                                                                                        
07-JUN-94 JUN-94                                                                                                                                                                                        
07-JUN-94 JUN-94                                                                                                                                                                                        

20 rows selected.

SQL> SELECT HIRE_DATE , RTRIM(LTRIM(HIRE_DATE,'1234567890-'),'1234567890-') FROM EMPLOYEES;

HIRE_DATE RTRIM(LTRIM(HIRE_D                                                                                                                                                                            
--------- ------------------                                                                                                                                                                            
17-JUL-87 JUL                                                                                                                                                                                           
21-SEP-89 SEP                                                                                                                                                                                           
13-JAN-93 JAN                                                                                                                                                                                           
03-JAN-90 JAN                                                                                                                                                                                           
21-MAY-91 MAY                                                                                                                                                                                           
07-FEB-99 FEB                                                                                                                                                                                           
16-NOV-99 NOV                                                                                                                                                                                           
17-OCT-95 OCT                                                                                                                                                                                           
29-JAN-97 JAN                                                                                                                                                                                           
15-MAR-98 MAR                                                                                                                                                                                           
09-JUL-98 JUL                                                                                                                                                                                           
29-JAN-00 JAN                                                                                                                                                                                           
11-MAY-96 MAY                                                                                                                                                                                           
24-MAR-98 MAR                                                                                                                                                                                           
24-MAY-99 MAY                                                                                                                                                                                           
17-SEP-87 SEP                                                                                                                                                                                           
17-FEB-96 FEB                                                                                                                                                                                           
17-AUG-97 AUG                                                                                                                                                                                           
07-JUN-94 JUN                                                                                                                                                                                           
07-JUN-94 JUN                                                                                                                                                                                           

20 rows selected.

SQL> SELECT LENGTH('RAM') FROM DUAL;

LENGTH('RAM')                                                                                                                                                                                           
-------------                                                                                                                                                                                           
            3                                                                                                                                                                                           

SQL> SELECT LENGTH('R A M') FROM DUAL;

LENGTH('RAM')                                                                                                                                                                                           
-------------                                                                                                                                                                                           
            5                                                                                                                                                                                           

SQL> SELECT LENGTH('  R A M') FROM DUAL;

LENGTH('RAM')                                                                                                                                                                                           
-------------                                                                                                                                                                                           
            7                                                                                                                                                                                           

SQL> SELECT LENGTH('  R A M   ') FROM DUAL;

LENGTH('RAM')                                                                                                                                                                                           
-------------                                                                                                                                                                                           
           10                                                                                                                                                                                           

SQL> SELECT LENGTH(TRIM('  R A M   ')) FROM DUAL;

LENGTH(TRIM('RAM'))                                                                                                                                                                                     
-------------------                                                                                                                                                                                     
                  5                                                                                                                                                                                     

SQL> SELECT LENGTH(LTRIM('  R A M   ')) FROM DUAL;

LENGTH(LTRIM('RAM'))                                                                                                                                                                                    
--------------------                                                                                                                                                                                    
                   8                                                                                                                                                                                    

SQL> SELECT LENGTH(RTRIM('  R A M   ')) FROM DUAL;

LENGTH(RTRIM('RAM'))                                                                                                                                                                                    
--------------------                                                                                                                                                                                    
                   7                                                                                                                                                                                    

SQL> SELECT LENGTH(LRTRIM(RTRIM('  R A M   '))) FROM DUAL;
SELECT LENGTH(LRTRIM(RTRIM('  R A M   '))) FROM DUAL
              *
ERROR at line 1:
ORA-00904: "LRTRIM": invalid identifier 


SQL> SELECT LENGTH(LTRIM(RTRIM('  R A M   '))) FROM DUAL;

LENGTH(LTRIM(RTRIM('RAM')))                                                                                                                                                                             
---------------------------                                                                                                                                                                             
                          5                                                                                                                                                                             

SQL> SELECT LENGTH(TRIM(LEADING ' ' FROM '  R A M   ')) FROM DUAL;

LENGTH(TRIM(LEADING''FROM'RAM'))                                                                                                                                                                        
--------------------------------                                                                                                                                                                        
                               8                                                                                                                                                                        

SQL> SELECT LENGTH(TRIM(TRAILING ' ' FROM '  R A M   ')) FROM DUAL;

LENGTH(TRIM(TRAILING''FROM'RAM'))                                                                                                                                                                       
---------------------------------                                                                                                                                                                       
                                7                                                                                                                                                                       

SQL> SELECT LENGTH(TRIM(BOTH ' ' FROM '  R A M   ')) FROM DUAL;

LENGTH(TRIM(BOTH''FROM'RAM'))                                                                                                                                                                           
-----------------------------                                                                                                                                                                           
                            5                                                                                                                                                                           

SQL> SELECT LENGTH(TRIM(' ' FROM '  R A M   ')) FROM DUAL;

LENGTH(TRIM(''FROM'RAM'))                                                                                                                                                                               
-------------------------                                                                                                                                                                               
                        5                                                                                                                                                                               

SQL> SELECT HIRE_DATE , TRIM(LEADING '71' FROM HIRE_DATE) FROM EMPLOYEES;
SELECT HIRE_DATE , TRIM(LEADING '71' FROM HIRE_DATE) FROM EMPLOYEES
                   *
ERROR at line 1:
ORA-30001: trim set should have only one character 


SQL> SELECT HIRE_DATE FROM EMPLOYEES;

HIRE_DATE                                                                                                                                                                                               
---------                                                                                                                                                                                               
17-JUL-87                                                                                                                                                                                               
21-SEP-89                                                                                                                                                                                               
13-JAN-93                                                                                                                                                                                               
03-JAN-90                                                                                                                                                                                               
21-MAY-91                                                                                                                                                                                               
07-FEB-99                                                                                                                                                                                               
16-NOV-99                                                                                                                                                                                               
17-OCT-95                                                                                                                                                                                               
29-JAN-97                                                                                                                                                                                               
15-MAR-98                                                                                                                                                                                               
09-JUL-98                                                                                                                                                                                               
29-JAN-00                                                                                                                                                                                               
11-MAY-96                                                                                                                                                                                               
24-MAR-98                                                                                                                                                                                               
24-MAY-99                                                                                                                                                                                               
17-SEP-87                                                                                                                                                                                               
17-FEB-96                                                                                                                                                                                               
17-AUG-97                                                                                                                                                                                               
07-JUN-94                                                                                                                                                                                               
07-JUN-94                                                                                                                                                                                               

20 rows selected.

SQL> -- SELECT HIRE_DATE , RTRIM(HIRE_DATE,'89') , TRIM('9' FROM TRIM '8' FROM HIRE_DATE)) FROM EMPLOYEES;
SQL> 
SQL> REM 21-SEP-89
SQL> REM 15-MAR-98
SQL> 
SQL> SELECT HIRE_DATE , RTRIM(HIRE_DATE,'89') , TRIM('9' FROM TRIM('8' FROM HIRE_DATE)) FROM EMPLOYEES;

HIRE_DATE RTRIM(HIRE_DATE,'8 TRIM('9'FROMTRIM('                                                                                                                                                         
--------- ------------------ ------------------                                                                                                                                                         
17-JUL-87 17-JUL-87          17-JUL-87                                                                                                                                                                  
21-SEP-89 21-SEP-            21-SEP-8                                                                                                                                                                   
13-JAN-93 13-JAN-93          13-JAN-93                                                                                                                                                                  
03-JAN-90 03-JAN-90          03-JAN-90                                                                                                                                                                  
21-MAY-91 21-MAY-91          21-MAY-91                                                                                                                                                                  
07-FEB-99 07-FEB-            07-FEB-                                                                                                                                                                    
16-NOV-99 16-NOV-            16-NOV-                                                                                                                                                                    
17-OCT-95 17-OCT-95          17-OCT-95                                                                                                                                                                  
29-JAN-97 29-JAN-97          29-JAN-97                                                                                                                                                                  
15-MAR-98 15-MAR-            15-MAR-                                                                                                                                                                    
09-JUL-98 09-JUL-            09-JUL-                                                                                                                                                                    
29-JAN-00 29-JAN-00          29-JAN-00                                                                                                                                                                  
11-MAY-96 11-MAY-96          11-MAY-96                                                                                                                                                                  
24-MAR-98 24-MAR-            24-MAR-                                                                                                                                                                    
24-MAY-99 24-MAY-            24-MAY-                                                                                                                                                                    
17-SEP-87 17-SEP-87          17-SEP-87                                                                                                                                                                  
17-FEB-96 17-FEB-96          17-FEB-96                                                                                                                                                                  
17-AUG-97 17-AUG-97          17-AUG-97                                                                                                                                                                  
07-JUN-94 07-JUN-94          07-JUN-94                                                                                                                                                                  
07-JUN-94 07-JUN-94          07-JUN-94                                                                                                                                                                  

20 rows selected.

SQL> REM HIRE_DATE : REMOVE ALL 0 FROM BOTH THE SIDES : 2 STYLES
SQL> 
SQL> SELECT HIRE_DATE , TRIM('0' FROM HIRE_DATE) , LTRIM(RTRIM(HIRE_DATE,'0'),'0') FROM EMPLOYEES;

HIRE_DATE TRIM('0'FROMHIRE_D LTRIM(RTRIM(HIRE_D                                                                                                                                                         
--------- ------------------ ------------------                                                                                                                                                         
17-JUL-87 17-JUL-87          17-JUL-87                                                                                                                                                                  
21-SEP-89 21-SEP-89          21-SEP-89                                                                                                                                                                  
13-JAN-93 13-JAN-93          13-JAN-93                                                                                                                                                                  
03-JAN-90 3-JAN-9            3-JAN-9                                                                                                                                                                    
21-MAY-91 21-MAY-91          21-MAY-91                                                                                                                                                                  
07-FEB-99 7-FEB-99           7-FEB-99                                                                                                                                                                   
16-NOV-99 16-NOV-99          16-NOV-99                                                                                                                                                                  
17-OCT-95 17-OCT-95          17-OCT-95                                                                                                                                                                  
29-JAN-97 29-JAN-97          29-JAN-97                                                                                                                                                                  
15-MAR-98 15-MAR-98          15-MAR-98                                                                                                                                                                  
09-JUL-98 9-JUL-98           9-JUL-98                                                                                                                                                                   
29-JAN-00 29-JAN-            29-JAN-                                                                                                                                                                    
11-MAY-96 11-MAY-96          11-MAY-96                                                                                                                                                                  
24-MAR-98 24-MAR-98          24-MAR-98                                                                                                                                                                  
24-MAY-99 24-MAY-99          24-MAY-99                                                                                                                                                                  
17-SEP-87 17-SEP-87          17-SEP-87                                                                                                                                                                  
17-FEB-96 17-FEB-96          17-FEB-96                                                                                                                                                                  
17-AUG-97 17-AUG-97          17-AUG-97                                                                                                                                                                  
07-JUN-94 7-JUN-94           7-JUN-94                                                                                                                                                                   
07-JUN-94 7-JUN-94           7-JUN-94                                                                                                                                                                   

20 rows selected.

SQL> SELECT HIRE_DATE , TRIM(BOTH '0' FROM HIRE_DATE) , LTRIM(RTRIM(HIRE_DATE,'0'),'0') FROM EMPLOYEES;

HIRE_DATE TRIM(BOTH'0'FROMHI LTRIM(RTRIM(HIRE_D                                                                                                                                                         
--------- ------------------ ------------------                                                                                                                                                         
17-JUL-87 17-JUL-87          17-JUL-87                                                                                                                                                                  
21-SEP-89 21-SEP-89          21-SEP-89                                                                                                                                                                  
13-JAN-93 13-JAN-93          13-JAN-93                                                                                                                                                                  
03-JAN-90 3-JAN-9            3-JAN-9                                                                                                                                                                    
21-MAY-91 21-MAY-91          21-MAY-91                                                                                                                                                                  
07-FEB-99 7-FEB-99           7-FEB-99                                                                                                                                                                   
16-NOV-99 16-NOV-99          16-NOV-99                                                                                                                                                                  
17-OCT-95 17-OCT-95          17-OCT-95                                                                                                                                                                  
29-JAN-97 29-JAN-97          29-JAN-97                                                                                                                                                                  
15-MAR-98 15-MAR-98          15-MAR-98                                                                                                                                                                  
09-JUL-98 9-JUL-98           9-JUL-98                                                                                                                                                                   
29-JAN-00 29-JAN-            29-JAN-                                                                                                                                                                    
11-MAY-96 11-MAY-96          11-MAY-96                                                                                                                                                                  
24-MAR-98 24-MAR-98          24-MAR-98                                                                                                                                                                  
24-MAY-99 24-MAY-99          24-MAY-99                                                                                                                                                                  
17-SEP-87 17-SEP-87          17-SEP-87                                                                                                                                                                  
17-FEB-96 17-FEB-96          17-FEB-96                                                                                                                                                                  
17-AUG-97 17-AUG-97          17-AUG-97                                                                                                                                                                  
07-JUN-94 7-JUN-94           7-JUN-94                                                                                                                                                                   
07-JUN-94 7-JUN-94           7-JUN-94                                                                                                                                                                   

20 rows selected.

SQL> SPOOL OFF
