SQL> 
SQL> REM SPECIAL OPERATORS , LOGICAL OPERATORS
SQL> 
SQL> REM LIST OF SPECIAL OPERATORS : 1 IN 2 BETWEEN 3 LIKE 4 IS NULL
SQL> 
SQL> REM IN : TO COMPARE A VALUE WITH LIST OF VALUES.
SQL> 
SQL> REM DEPARTMENT_ID IN 10
SQL> 
SQL> REM DEPARTMENT_ID IN (10,110)
SQL> 
SQL> REM DEPARTMENT_ID IN (10,110,90)
SQL> 
SQL> REM DEPARTMENT_ID NOT IN (10,110,90)
SQL> 
SQL> 
SQL> REM ALL SPECIAL OPERATORS CAN BE USED IN TWO WAYS : 1 POSITIVE 2 NEGATIVE
SQL> 
SQL> REM IN , NOT IN
SQL> 
SQL> REM BETWEEN , NOT BETWEEN
SQL> 
SQL> REM LIKE , NOT LIKE
SQL> 
SQL> REM IS NULL , IS NOT NULL
SQL> 
SQL> 
SQL> 
SQL> SET LINES 200 PAGES 24
SQL> 
SQL> SELECT * FROM EMPLOYEES;

EMPLOYEE_ID FIRST_NAME      LAST_NAME       EMAIL      PHONE_NUMBER         HIRE_DATE JOB_ID         SALARY COMMISSION_PCT MANAGER_ID DEPARTMENT_ID                                                     
----------- --------------- --------------- ---------- -------------------- --------- ---------- ---------- -------------- ---------- -------------                                                     
        100 Steven          King            SKING      515.123.4567         17-JUL-87 AD_PRES         24000                                      90                                                     
        101 Neena           Kochhar         NKOCHHAR   515.123.4568         21-SEP-89 AD_VP           17000                       100            90                                                     
        102 Lex             De Haan         LDEHAAN    515.123.4569         13-JAN-93 AD_VP           17000                       100            90                                                     
        103 Alexander       Hunold          AHUNOLD    590.423.4567         03-JAN-90 IT_PROG          9000                       102            60                                                     
        104 Bruce           Ernst           BERNST     590.423.4568         21-MAY-91 IT_PROG          6000                       103            60                                                     
        107 Diana           Lorentz         DLORENTZ   590.423.5567         07-FEB-99 IT_PROG          4200                       103            60                                                     
        124 Kevin           Mourgos         KMOURGOS   650.123.5234         16-NOV-99 ST_MAN           5800                       100            50                                                     
        141 Trenna          Rajs            TRAJS      650.121.8009         17-OCT-95 ST_CLERK         3500                       124            50                                                     
        142 Curtis          Davies          CDAVIES    650.121.2994         29-JAN-97 ST_CLERK         3100                       124            50                                                     
        143 Randall         Matos           RMATOS     650.121.2874         15-MAR-98 ST_CLERK         2600                       124            50                                                     
        144 Peter           Vargas          PVARGAS    650.121.2004         09-JUL-98 ST_CLERK         2500                       124            50                                                     
        149 Eleni           Zlotkey         EZLOTKEY   011.44.1344.429018   29-JAN-00 SA_MAN          10500             .2        100            80                                                     
        174 Ellen           Abel            EABEL      011.44.1644.429267   11-MAY-96 SA_REP          11000             .3        149            80                                                     
        176 Jonathon        Taylor          JTAYLOR    011.44.1644.429265   24-MAR-98 SA_REP           8600             .3        149            80                                                     
        178 Kimerely        Grant           KGRANT     011.44.1644.429263   24-MAY-99 SA_REP           7000            .15        149                                                                   
        200 Jennifer        Whalen          JWHALEN    515.123.4444         17-SEP-87 AD_ASST          4400                       101            10                                                     
        201 Michael         Hartstein       MHARTSTE   515.123.5555         17-FEB-96 MK_MAN          13000                       100            20                                                     
        202 Pat             Fay             PFAY       603.123.6666         17-AUG-97 MK_REP           6000                       201            20                                                     
        205 Shelley         Higgins         SHIGGINS   515.123.8080         07-JUN-94 AC_MGR          12000                       101           110                                                     
        206 William         Gietz           WGIETZ     515.123.8181         07-JUN-94 AC_ACCOUNT       8300                       205           110                                                     

20 rows selected.

SQL> SELECT * FROM EMPLOYEES WHERE DEPARTMENT_ID = 10;

EMPLOYEE_ID FIRST_NAME      LAST_NAME       EMAIL      PHONE_NUMBER         HIRE_DATE JOB_ID         SALARY COMMISSION_PCT MANAGER_ID DEPARTMENT_ID                                                     
----------- --------------- --------------- ---------- -------------------- --------- ---------- ---------- -------------- ---------- -------------                                                     
        200 Jennifer        Whalen          JWHALEN    515.123.4444         17-SEP-87 AD_ASST          4400                       101            10                                                     

SQL> SELECT * FROM EMPLOYEES WHERE DEPARTMENT_ID IN 10;

EMPLOYEE_ID FIRST_NAME      LAST_NAME       EMAIL      PHONE_NUMBER         HIRE_DATE JOB_ID         SALARY COMMISSION_PCT MANAGER_ID DEPARTMENT_ID                                                     
----------- --------------- --------------- ---------- -------------------- --------- ---------- ---------- -------------- ---------- -------------                                                     
        200 Jennifer        Whalen          JWHALEN    515.123.4444         17-SEP-87 AD_ASST          4400                       101            10                                                     

SQL> SELECT * FROM EMPLOYEES WHERE DEPARTMENT_ID = ANY (10,110);

EMPLOYEE_ID FIRST_NAME      LAST_NAME       EMAIL      PHONE_NUMBER         HIRE_DATE JOB_ID         SALARY COMMISSION_PCT MANAGER_ID DEPARTMENT_ID                                                     
----------- --------------- --------------- ---------- -------------------- --------- ---------- ---------- -------------- ---------- -------------                                                     
        200 Jennifer        Whalen          JWHALEN    515.123.4444         17-SEP-87 AD_ASST          4400                       101            10                                                     
        205 Shelley         Higgins         SHIGGINS   515.123.8080         07-JUN-94 AC_MGR          12000                       101           110                                                     
        206 William         Gietz           WGIETZ     515.123.8181         07-JUN-94 AC_ACCOUNT       8300                       205           110                                                     

SQL> SELECT * FROM EMPLOYEES WHERE DEPARTMENT_ID IN (10,110);

EMPLOYEE_ID FIRST_NAME      LAST_NAME       EMAIL      PHONE_NUMBER         HIRE_DATE JOB_ID         SALARY COMMISSION_PCT MANAGER_ID DEPARTMENT_ID                                                     
----------- --------------- --------------- ---------- -------------------- --------- ---------- ---------- -------------- ---------- -------------                                                     
        200 Jennifer        Whalen          JWHALEN    515.123.4444         17-SEP-87 AD_ASST          4400                       101            10                                                     
        205 Shelley         Higgins         SHIGGINS   515.123.8080         07-JUN-94 AC_MGR          12000                       101           110                                                     
        206 William         Gietz           WGIETZ     515.123.8181         07-JUN-94 AC_ACCOUNT       8300                       205           110                                                     

SQL> SELECT * FROM EMPLOYEES WHERE DEPARTMENT_ID = SOME (10,110,90);

EMPLOYEE_ID FIRST_NAME      LAST_NAME       EMAIL      PHONE_NUMBER         HIRE_DATE JOB_ID         SALARY COMMISSION_PCT MANAGER_ID DEPARTMENT_ID                                                     
----------- --------------- --------------- ---------- -------------------- --------- ---------- ---------- -------------- ---------- -------------                                                     
        100 Steven          King            SKING      515.123.4567         17-JUL-87 AD_PRES         24000                                      90                                                     
        101 Neena           Kochhar         NKOCHHAR   515.123.4568         21-SEP-89 AD_VP           17000                       100            90                                                     
        102 Lex             De Haan         LDEHAAN    515.123.4569         13-JAN-93 AD_VP           17000                       100            90                                                     
        200 Jennifer        Whalen          JWHALEN    515.123.4444         17-SEP-87 AD_ASST          4400                       101            10                                                     
        205 Shelley         Higgins         SHIGGINS   515.123.8080         07-JUN-94 AC_MGR          12000                       101           110                                                     
        206 William         Gietz           WGIETZ     515.123.8181         07-JUN-94 AC_ACCOUNT       8300                       205           110                                                     

6 rows selected.

SQL> SELECT * FROM EMPLOYEES WHERE DEPARTMENT_ID IN (10,110,90);

EMPLOYEE_ID FIRST_NAME      LAST_NAME       EMAIL      PHONE_NUMBER         HIRE_DATE JOB_ID         SALARY COMMISSION_PCT MANAGER_ID DEPARTMENT_ID                                                     
----------- --------------- --------------- ---------- -------------------- --------- ---------- ---------- -------------- ---------- -------------                                                     
        100 Steven          King            SKING      515.123.4567         17-JUL-87 AD_PRES         24000                                      90                                                     
        101 Neena           Kochhar         NKOCHHAR   515.123.4568         21-SEP-89 AD_VP           17000                       100            90                                                     
        102 Lex             De Haan         LDEHAAN    515.123.4569         13-JAN-93 AD_VP           17000                       100            90                                                     
        200 Jennifer        Whalen          JWHALEN    515.123.4444         17-SEP-87 AD_ASST          4400                       101            10                                                     
        205 Shelley         Higgins         SHIGGINS   515.123.8080         07-JUN-94 AC_MGR          12000                       101           110                                                     
        206 William         Gietz           WGIETZ     515.123.8181         07-JUN-94 AC_ACCOUNT       8300                       205           110                                                     

6 rows selected.

SQL> SELECT * FROM EMPLOYEES WHERE DEPARTMENT_ID <> ALL (10,110,90);

EMPLOYEE_ID FIRST_NAME      LAST_NAME       EMAIL      PHONE_NUMBER         HIRE_DATE JOB_ID         SALARY COMMISSION_PCT MANAGER_ID DEPARTMENT_ID                                                     
----------- --------------- --------------- ---------- -------------------- --------- ---------- ---------- -------------- ---------- -------------                                                     
        103 Alexander       Hunold          AHUNOLD    590.423.4567         03-JAN-90 IT_PROG          9000                       102            60                                                     
        104 Bruce           Ernst           BERNST     590.423.4568         21-MAY-91 IT_PROG          6000                       103            60                                                     
        107 Diana           Lorentz         DLORENTZ   590.423.5567         07-FEB-99 IT_PROG          4200                       103            60                                                     
        124 Kevin           Mourgos         KMOURGOS   650.123.5234         16-NOV-99 ST_MAN           5800                       100            50                                                     
        141 Trenna          Rajs            TRAJS      650.121.8009         17-OCT-95 ST_CLERK         3500                       124            50                                                     
        142 Curtis          Davies          CDAVIES    650.121.2994         29-JAN-97 ST_CLERK         3100                       124            50                                                     
        143 Randall         Matos           RMATOS     650.121.2874         15-MAR-98 ST_CLERK         2600                       124            50                                                     
        144 Peter           Vargas          PVARGAS    650.121.2004         09-JUL-98 ST_CLERK         2500                       124            50                                                     
        149 Eleni           Zlotkey         EZLOTKEY   011.44.1344.429018   29-JAN-00 SA_MAN          10500             .2        100            80                                                     
        174 Ellen           Abel            EABEL      011.44.1644.429267   11-MAY-96 SA_REP          11000             .3        149            80                                                     
        176 Jonathon        Taylor          JTAYLOR    011.44.1644.429265   24-MAR-98 SA_REP           8600             .3        149            80                                                     
        201 Michael         Hartstein       MHARTSTE   515.123.5555         17-FEB-96 MK_MAN          13000                       100            20                                                     
        202 Pat             Fay             PFAY       603.123.6666         17-AUG-97 MK_REP           6000                       201            20                                                     

13 rows selected.

SQL> SELECT * FROM EMPLOYEES WHERE DEPARTMENT_ID NOT IN (10,110,90);

EMPLOYEE_ID FIRST_NAME      LAST_NAME       EMAIL      PHONE_NUMBER         HIRE_DATE JOB_ID         SALARY COMMISSION_PCT MANAGER_ID DEPARTMENT_ID                                                     
----------- --------------- --------------- ---------- -------------------- --------- ---------- ---------- -------------- ---------- -------------                                                     
        103 Alexander       Hunold          AHUNOLD    590.423.4567         03-JAN-90 IT_PROG          9000                       102            60                                                     
        104 Bruce           Ernst           BERNST     590.423.4568         21-MAY-91 IT_PROG          6000                       103            60                                                     
        107 Diana           Lorentz         DLORENTZ   590.423.5567         07-FEB-99 IT_PROG          4200                       103            60                                                     
        124 Kevin           Mourgos         KMOURGOS   650.123.5234         16-NOV-99 ST_MAN           5800                       100            50                                                     
        141 Trenna          Rajs            TRAJS      650.121.8009         17-OCT-95 ST_CLERK         3500                       124            50                                                     
        142 Curtis          Davies          CDAVIES    650.121.2994         29-JAN-97 ST_CLERK         3100                       124            50                                                     
        143 Randall         Matos           RMATOS     650.121.2874         15-MAR-98 ST_CLERK         2600                       124            50                                                     
        144 Peter           Vargas          PVARGAS    650.121.2004         09-JUL-98 ST_CLERK         2500                       124            50                                                     
        149 Eleni           Zlotkey         EZLOTKEY   011.44.1344.429018   29-JAN-00 SA_MAN          10500             .2        100            80                                                     
        174 Ellen           Abel            EABEL      011.44.1644.429267   11-MAY-96 SA_REP          11000             .3        149            80                                                     
        176 Jonathon        Taylor          JTAYLOR    011.44.1644.429265   24-MAR-98 SA_REP           8600             .3        149            80                                                     
        201 Michael         Hartstein       MHARTSTE   515.123.5555         17-FEB-96 MK_MAN          13000                       100            20                                                     
        202 Pat             Fay             PFAY       603.123.6666         17-AUG-97 MK_REP           6000                       201            20                                                     

13 rows selected.

SQL> REM IN IS EQUIVALENT TO = ANY AND = SOME
SQL> 
SQL> REM NOT IN IS EQUIVALENT TO <> ALL OR != ALL OR ^= ALL
SQL> 
SQL> SELECT DEPARTMENT_ID , JOB_ID , FIRST_NAME FROM EMPLOYEES;

DEPARTMENT_ID JOB_ID     FIRST_NAME                                                                                                                                                                     
------------- ---------- ---------------                                                                                                                                                                
           90 AD_PRES    Steven                                                                                                                                                                         
           90 AD_VP      Neena                                                                                                                                                                          
           90 AD_VP      Lex                                                                                                                                                                            
           60 IT_PROG    Alexander                                                                                                                                                                      
           60 IT_PROG    Bruce                                                                                                                                                                          
           60 IT_PROG    Diana                                                                                                                                                                          
           50 ST_MAN     Kevin                                                                                                                                                                          
           50 ST_CLERK   Trenna                                                                                                                                                                         
           50 ST_CLERK   Curtis                                                                                                                                                                         
           50 ST_CLERK   Randall                                                                                                                                                                        
           50 ST_CLERK   Peter                                                                                                                                                                          
           80 SA_MAN     Eleni                                                                                                                                                                          
           80 SA_REP     Ellen                                                                                                                                                                          
           80 SA_REP     Jonathon                                                                                                                                                                       
              SA_REP     Kimerely                                                                                                                                                                       
           10 AD_ASST    Jennifer                                                                                                                                                                       
           20 MK_MAN     Michael                                                                                                                                                                        
           20 MK_REP     Pat                                                                                                                                                                            
          110 AC_MGR     Shelley                                                                                                                                                                        
          110 AC_ACCOUNT William                                                                                                                                                                        

20 rows selected.

SQL> REM DISPLAY COMBINATIONS LIKE : 50 ST_CLERK , 80 SA_REP , 20 MK_MAN
SQL> 
SQL> SELECT DEPARTMENT_ID , JOB_ID , FIRST_NAME FROM EMPLOYEES WHERE (DEPARTMENT_ID,JOB_ID) IN ((50,'ST_CLERK'),(80,'SA_REP'),(20,'MK_MAN'));

DEPARTMENT_ID JOB_ID     FIRST_NAME                                                                                                                                                                     
------------- ---------- ---------------                                                                                                                                                                
           50 ST_CLERK   Trenna                                                                                                                                                                         
           50 ST_CLERK   Curtis                                                                                                                                                                         
           50 ST_CLERK   Randall                                                                                                                                                                        
           50 ST_CLERK   Peter                                                                                                                                                                          
           80 SA_REP     Ellen                                                                                                                                                                          
           80 SA_REP     Jonathon                                                                                                                                                                       
           20 MK_MAN     Michael                                                                                                                                                                        

7 rows selected.

SQL> SELECT DEPARTMENT_ID , JOB_ID , FIRST_NAME FROM EMPLOYEES WHERE (DEPARTMENT_ID,JOB_ID) = ANY ((50,'ST_CLERK'),(80,'SA_REP'),(20,'MK_MAN'));

DEPARTMENT_ID JOB_ID     FIRST_NAME                                                                                                                                                                     
------------- ---------- ---------------                                                                                                                                                                
           50 ST_CLERK   Trenna                                                                                                                                                                         
           50 ST_CLERK   Curtis                                                                                                                                                                         
           50 ST_CLERK   Randall                                                                                                                                                                        
           50 ST_CLERK   Peter                                                                                                                                                                          
           80 SA_REP     Ellen                                                                                                                                                                          
           80 SA_REP     Jonathon                                                                                                                                                                       
           20 MK_MAN     Michael                                                                                                                                                                        

7 rows selected.

SQL> SELECT DEPARTMENT_ID , JOB_ID , FIRST_NAME FROM EMPLOYEES WHERE (DEPARTMENT_ID,JOB_ID) = SOME ((50,'ST_CLERK'),(80,'SA_REP'),(20,'MK_MAN'));

DEPARTMENT_ID JOB_ID     FIRST_NAME                                                                                                                                                                     
------------- ---------- ---------------                                                                                                                                                                
           50 ST_CLERK   Trenna                                                                                                                                                                         
           50 ST_CLERK   Curtis                                                                                                                                                                         
           50 ST_CLERK   Randall                                                                                                                                                                        
           50 ST_CLERK   Peter                                                                                                                                                                          
           80 SA_REP     Ellen                                                                                                                                                                          
           80 SA_REP     Jonathon                                                                                                                                                                       
           20 MK_MAN     Michael                                                                                                                                                                        

7 rows selected.

SQL> SELECT DEPARTMENT_ID , JOB_ID , FIRST_NAME FROM EMPLOYEES WHERE (DEPARTMENT_ID,JOB_ID) != ALL ((50,'ST_CLERK'),(80,'SA_REP'),(20,'MK_MAN'));

DEPARTMENT_ID JOB_ID     FIRST_NAME                                                                                                                                                                     
------------- ---------- ---------------                                                                                                                                                                
           90 AD_PRES    Steven                                                                                                                                                                         
           90 AD_VP      Neena                                                                                                                                                                          
           90 AD_VP      Lex                                                                                                                                                                            
           60 IT_PROG    Alexander                                                                                                                                                                      
           60 IT_PROG    Bruce                                                                                                                                                                          
           60 IT_PROG    Diana                                                                                                                                                                          
           50 ST_MAN     Kevin                                                                                                                                                                          
           80 SA_MAN     Eleni                                                                                                                                                                          
           10 AD_ASST    Jennifer                                                                                                                                                                       
           20 MK_REP     Pat                                                                                                                                                                            
          110 AC_MGR     Shelley                                                                                                                                                                        
          110 AC_ACCOUNT William                                                                                                                                                                        

12 rows selected.

SQL> SELECT DEPARTMENT_ID , JOB_ID , FIRST_NAME FROM EMPLOYEES WHERE (DEPARTMENT_ID,JOB_ID) ^= ALL ((50,'ST_CLERK'),(80,'SA_REP'),(20,'MK_MAN'));

DEPARTMENT_ID JOB_ID     FIRST_NAME                                                                                                                                                                     
------------- ---------- ---------------                                                                                                                                                                
           90 AD_PRES    Steven                                                                                                                                                                         
           90 AD_VP      Neena                                                                                                                                                                          
           90 AD_VP      Lex                                                                                                                                                                            
           60 IT_PROG    Alexander                                                                                                                                                                      
           60 IT_PROG    Bruce                                                                                                                                                                          
           60 IT_PROG    Diana                                                                                                                                                                          
           50 ST_MAN     Kevin                                                                                                                                                                          
           80 SA_MAN     Eleni                                                                                                                                                                          
           10 AD_ASST    Jennifer                                                                                                                                                                       
           20 MK_REP     Pat                                                                                                                                                                            
          110 AC_MGR     Shelley                                                                                                                                                                        
          110 AC_ACCOUNT William                                                                                                                                                                        

12 rows selected.

SQL> SELECT DEPARTMENT_ID , JOB_ID , FIRST_NAME FROM EMPLOYEES WHERE (DEPARTMENT_ID,JOB_ID) <> ALL ((50,'ST_CLERK'),(80,'SA_REP'),(20,'MK_MAN'));

DEPARTMENT_ID JOB_ID     FIRST_NAME                                                                                                                                                                     
------------- ---------- ---------------                                                                                                                                                                
           90 AD_PRES    Steven                                                                                                                                                                         
           90 AD_VP      Neena                                                                                                                                                                          
           90 AD_VP      Lex                                                                                                                                                                            
           60 IT_PROG    Alexander                                                                                                                                                                      
           60 IT_PROG    Bruce                                                                                                                                                                          
           60 IT_PROG    Diana                                                                                                                                                                          
           50 ST_MAN     Kevin                                                                                                                                                                          
           80 SA_MAN     Eleni                                                                                                                                                                          
           10 AD_ASST    Jennifer                                                                                                                                                                       
           20 MK_REP     Pat                                                                                                                                                                            
          110 AC_MGR     Shelley                                                                                                                                                                        
          110 AC_ACCOUNT William                                                                                                                                                                        

12 rows selected.

SQL> SELECT DEPARTMENT_ID , JOB_ID , FIRST_NAME FROM EMPLOYEES WHERE (DEPARTMENT_ID,JOB_ID) NOT IN ((50,'ST_CLERK'),(80,'SA_REP'),(20,'MK_MAN'));

DEPARTMENT_ID JOB_ID     FIRST_NAME                                                                                                                                                                     
------------- ---------- ---------------                                                                                                                                                                
           90 AD_PRES    Steven                                                                                                                                                                         
           90 AD_VP      Neena                                                                                                                                                                          
           90 AD_VP      Lex                                                                                                                                                                            
           60 IT_PROG    Alexander                                                                                                                                                                      
           60 IT_PROG    Bruce                                                                                                                                                                          
           60 IT_PROG    Diana                                                                                                                                                                          
           50 ST_MAN     Kevin                                                                                                                                                                          
           80 SA_MAN     Eleni                                                                                                                                                                          
           10 AD_ASST    Jennifer                                                                                                                                                                       
           20 MK_REP     Pat                                                                                                                                                                            
          110 AC_MGR     Shelley                                                                                                                                                                        
          110 AC_ACCOUNT William                                                                                                                                                                        

12 rows selected.

SQL> REM BETWEEN : FOR COMPARING VALUE WITHING RANGE
SQL> 
SQL> REM SALARY BETWEEN 6000 AND 11000
SQL> 
SQL> REM HIRE_DATE BETWEEN '01-JAN-91' AND '31-DEC-95'
SQL> 
SQL> REM FIRST_NAME BETWEEN 'A' AND 'M'
SQL> 
SQL> REM SALARY NOT BETWEEN 6000 AND 11000
SQL> 
SQL> 
SQL> REM BETWEEN : BETWEEN LOWER VALUE AND HIGHER VALUE
SQL> 
SQL> REM BETWEEN 6000 AND 11000 : CORRECT
SQL> 
SQL> REM BETWEEN 11000 AND 6000 : IT IS LOGICALLY WRONG
SQL> 
SQL> REM BETWEEN : IT RETURNS ROWS INCLUSIVE OF BOTH VALUES.
SQL> 
SQL> REM NOT BETWEEN : IT RETURNS ROWS EXCLUDING BOTH VALUES.
SQL> 
SQL> 
SQL> REM DISPLAY THOSE WHO GETS SALARY IN THE RANGE OF 6000-11000
SQL> 
SQL> SELECT FIRST_NAME , SALARY FROM EMPLOYEES WHERE SALARY BETWEEN 6000 AND 11000;

FIRST_NAME          SALARY                                                                                                                                                                              
--------------- ----------                                                                                                                                                                              
Alexander             9000                                                                                                                                                                              
Bruce                 6000                                                                                                                                                                              
Eleni                10500                                                                                                                                                                              
Ellen                11000                                                                                                                                                                              
Jonathon              8600                                                                                                                                                                              
Kimerely              7000                                                                                                                                                                              
Pat                   6000                                                                                                                                                                              
William               8300                                                                                                                                                                              

8 rows selected.

SQL> SELECT FIRST_NAME , SALARY FROM EMPLOYEES WHERE SALARY BETWEEN 6000 AND 11000 ORDER BY 2;

FIRST_NAME          SALARY                                                                                                                                                                              
--------------- ----------                                                                                                                                                                              
Bruce                 6000                                                                                                                                                                              
Pat                   6000                                                                                                                                                                              
Kimerely              7000                                                                                                                                                                              
William               8300                                                                                                                                                                              
Jonathon              8600                                                                                                                                                                              
Alexander             9000                                                                                                                                                                              
Eleni                10500                                                                                                                                                                              
Ellen                11000                                                                                                                                                                              

8 rows selected.

SQL> SELECT FIRST_NAME , SALARY FROM EMPLOYEES WHERE SALARY NOT BETWEEN 6000 AND 11000 ORDER BY 2;

FIRST_NAME          SALARY                                                                                                                                                                              
--------------- ----------                                                                                                                                                                              
Peter                 2500                                                                                                                                                                              
Randall               2600                                                                                                                                                                              
Curtis                3100                                                                                                                                                                              
Trenna                3500                                                                                                                                                                              
Diana                 4200                                                                                                                                                                              
Jennifer              4400                                                                                                                                                                              
Kevin                 5800                                                                                                                                                                              
Shelley              12000                                                                                                                                                                              
Michael              13000                                                                                                                                                                              
Lex                  17000                                                                                                                                                                              
Neena                17000                                                                                                                                                                              
Steven               24000                                                                                                                                                                              

12 rows selected.

SQL> REM DISPLAY THOSE WHO WERE HIRED IN YEAR RANGE : 1991 TO 1995
SQL> 
SQL> SELECT LAST_NAME , HIRE_DATE FROM EMPLOYEES WHERE HIRE_DATE BETWEEN 1991 AND 1995;
SELECT LAST_NAME , HIRE_DATE FROM EMPLOYEES WHERE HIRE_DATE BETWEEN 1991 AND 1995
                                                            *
ERROR at line 1:
ORA-00932: inconsistent datatypes: expected DATE got NUMBER 


SQL> SELECT LAST_NAME , HIRE_DATE FROM EMPLOYEES WHERE HIRE_DATE BETWEEN 01-JAN-91 AND 31-DEC-95;
SELECT LAST_NAME , HIRE_DATE FROM EMPLOYEES WHERE HIRE_DATE BETWEEN 01-JAN-91 AND 31-DEC-95
                                                                                     *
ERROR at line 1:
ORA-00904: "DEC": invalid identifier 


SQL> SELECT LAST_NAME , HIRE_DATE FROM EMPLOYEES WHERE HIRE_DATE BETWEEN '01-JAN-91' AND '31-DEC-95';

LAST_NAME       HIRE_DATE                                                                                                                                                                               
--------------- ---------                                                                                                                                                                               
De Haan         13-JAN-93                                                                                                                                                                               
Ernst           21-MAY-91                                                                                                                                                                               
Rajs            17-OCT-95                                                                                                                                                                               
Higgins         07-JUN-94                                                                                                                                                                               
Gietz           07-JUN-94                                                                                                                                                                               

SQL> SELECT LAST_NAME , HIRE_DATE FROM EMPLOYEES WHERE HIRE_DATE BETWEEN '01-JAN-91' AND '31-DEC-95' ORDER BY 2;

LAST_NAME       HIRE_DATE                                                                                                                                                                               
--------------- ---------                                                                                                                                                                               
Ernst           21-MAY-91                                                                                                                                                                               
De Haan         13-JAN-93                                                                                                                                                                               
Gietz           07-JUN-94                                                                                                                                                                               
Higgins         07-JUN-94                                                                                                                                                                               
Rajs            17-OCT-95                                                                                                                                                                               

SQL> SELECT FIRST_NAME FROM EMPLOYEES ORDER BY 1;

FIRST_NAME                                                                                                                                                                                              
---------------                                                                                                                                                                                         
Alexander                                                                                                                                                                                               
Bruce                                                                                                                                                                                                   
Curtis                                                                                                                                                                                                  
Diana                                                                                                                                                                                                   
Eleni                                                                                                                                                                                                   
Ellen                                                                                                                                                                                                   
Jennifer                                                                                                                                                                                                
Jonathon                                                                                                                                                                                                
Kevin                                                                                                                                                                                                   
Kimerely                                                                                                                                                                                                
Lex                                                                                                                                                                                                     
Michael                                                                                                                                                                                                 
Neena                                                                                                                                                                                                   
Pat                                                                                                                                                                                                     
Peter                                                                                                                                                                                                   
Randall                                                                                                                                                                                                 
Shelley                                                                                                                                                                                                 
Steven                                                                                                                                                                                                  
Trenna                                                                                                                                                                                                  
William                                                                                                                                                                                                 

20 rows selected.

SQL> SELECT FIRST_NAME FROM EMPLOYEES WHERE FIRST_NAME BETWEEN 'J' AND 'P' ORDER BY 1;

FIRST_NAME                                                                                                                                                                                              
---------------                                                                                                                                                                                         
Jennifer                                                                                                                                                                                                
Jonathon                                                                                                                                                                                                
Kevin                                                                                                                                                                                                   
Kimerely                                                                                                                                                                                                
Lex                                                                                                                                                                                                     
Michael                                                                                                                                                                                                 
Neena                                                                                                                                                                                                   

7 rows selected.

SQL> SELECT LAST_NAME FROM EMPLOYEES ORDER BY 1;

LAST_NAME                                                                                                                                                                                               
---------------                                                                                                                                                                                         
Abel                                                                                                                                                                                                    
Davies                                                                                                                                                                                                  
De Haan                                                                                                                                                                                                 
Ernst                                                                                                                                                                                                   
Fay                                                                                                                                                                                                     
Gietz                                                                                                                                                                                                   
Grant                                                                                                                                                                                                   
Hartstein                                                                                                                                                                                               
Higgins                                                                                                                                                                                                 
Hunold                                                                                                                                                                                                  
King                                                                                                                                                                                                    
Kochhar                                                                                                                                                                                                 
Lorentz                                                                                                                                                                                                 
Matos                                                                                                                                                                                                   
Mourgos                                                                                                                                                                                                 
Rajs                                                                                                                                                                                                    
Taylor                                                                                                                                                                                                  
Vargas                                                                                                                                                                                                  
Whalen                                                                                                                                                                                                  
Zlotkey                                                                                                                                                                                                 

20 rows selected.

SQL> SELECT LAST_NAME FROM EMPLOYEES WHERE LAST_NAME BETWEEN 'Go' AND 'Mo' ORDER BY 1;

LAST_NAME                                                                                                                                                                                               
---------------                                                                                                                                                                                         
Grant                                                                                                                                                                                                   
Hartstein                                                                                                                                                                                               
Higgins                                                                                                                                                                                                 
Hunold                                                                                                                                                                                                  
King                                                                                                                                                                                                    
Kochhar                                                                                                                                                                                                 
Lorentz                                                                                                                                                                                                 
Matos                                                                                                                                                                                                   

8 rows selected.

SQL> SELECT LAST_NAME , HIRE_DATE FROM EMPLOYEES WHERE HIRE_DATE NOT BETWEEN '01-JAN-91' AND '31-DEC-95';

LAST_NAME       HIRE_DATE                                                                                                                                                                               
--------------- ---------                                                                                                                                                                               
King            17-JUL-87                                                                                                                                                                               
Kochhar         21-SEP-89                                                                                                                                                                               
Hunold          03-JAN-90                                                                                                                                                                               
Lorentz         07-FEB-99                                                                                                                                                                               
Mourgos         16-NOV-99                                                                                                                                                                               
Davies          29-JAN-97                                                                                                                                                                               
Matos           15-MAR-98                                                                                                                                                                               
Vargas          09-JUL-98                                                                                                                                                                               
Zlotkey         29-JAN-00                                                                                                                                                                               
Abel            11-MAY-96                                                                                                                                                                               
Taylor          24-MAR-98                                                                                                                                                                               
Grant           24-MAY-99                                                                                                                                                                               
Whalen          17-SEP-87                                                                                                                                                                               
Hartstein       17-FEB-96                                                                                                                                                                               
Fay             17-AUG-97                                                                                                                                                                               

15 rows selected.

SQL> SELECT LAST_NAME , HIRE_DATE FROM EMPLOYEES WHERE HIRE_DATE NOT BETWEEN '01-JAN-91' AND '31-DEC-95' ORDER BY 2;

LAST_NAME       HIRE_DATE                                                                                                                                                                               
--------------- ---------                                                                                                                                                                               
King            17-JUL-87                                                                                                                                                                               
Whalen          17-SEP-87                                                                                                                                                                               
Kochhar         21-SEP-89                                                                                                                                                                               
Hunold          03-JAN-90                                                                                                                                                                               
Hartstein       17-FEB-96                                                                                                                                                                               
Abel            11-MAY-96                                                                                                                                                                               
Davies          29-JAN-97                                                                                                                                                                               
Fay             17-AUG-97                                                                                                                                                                               
Matos           15-MAR-98                                                                                                                                                                               
Taylor          24-MAR-98                                                                                                                                                                               
Vargas          09-JUL-98                                                                                                                                                                               
Lorentz         07-FEB-99                                                                                                                                                                               
Grant           24-MAY-99                                                                                                                                                                               
Mourgos         16-NOV-99                                                                                                                                                                               
Zlotkey         29-JAN-00                                                                                                                                                                               

15 rows selected.

SQL> REM LIKE : FOR PATTERN MATCHING
SQL> 
SQL> REM DISPLAY THOSE FIRST_NAME WHICH STARTS WITH ALPHABET 'P'
SQL> 
SQL> REM DISPLAY THOSE FIRST_NAME WHICH ENDS WITH ALPHABET 'n'
SQL> 
SQL> REM DISPLAY THOSE FIRST_NAME WHICH CONTAINS ALPHABET 'e'
SQL> 
SQL> REM DISPLAY THOSE FIRST_NAME WITH LENGTH 6
SQL> 
SQL> REM DISPLAY THOSE FIRST_NAME WITH LENGTH 6 OR MORE
SQL> 
SQL> REM DISPLAY THOSE FIRST_NAME WITH LENGTH 6 AND LESS
SQL> 
SQL> REM DISPLAY THOSE FIRST_NAME WITH LENGTH OTHER THAN 6
SQL> 
SQL> REM LIKE SUPPORTS TWO WILD CARD CHARACTERS : _ %
SQL> 
SQL> REM ANY OTHER OPERATOR DOESN'T SUPPORT WILD CARD CHARACTER
SQL> 
SQL> REM _ : REPRESENTS SINGLE CHARCTER AT THE POSITION
SQL> 
SQL> REM % : REPRESENTS 0 OR MORE CHARACTERS AT THE POSITION
SQL> 
SQL> SELECT FIRST_NAME FROM EMPLOYEES WHERE FIRST_NAME LIKE '______';

FIRST_NAME                                                                                                                                                                                              
---------------                                                                                                                                                                                         
Steven                                                                                                                                                                                                  
Trenna                                                                                                                                                                                                  
Curtis                                                                                                                                                                                                  

SQL> SELECT FIRST_NAME FROM EMPLOYEES WHERE FIRST_NAME LIKE '______%';

FIRST_NAME                                                                                                                                                                                              
---------------                                                                                                                                                                                         
Steven                                                                                                                                                                                                  
Alexander                                                                                                                                                                                               
Trenna                                                                                                                                                                                                  
Curtis                                                                                                                                                                                                  
Randall                                                                                                                                                                                                 
Jonathon                                                                                                                                                                                                
Kimerely                                                                                                                                                                                                
Jennifer                                                                                                                                                                                                
Michael                                                                                                                                                                                                 
Shelley                                                                                                                                                                                                 
William                                                                                                                                                                                                 

11 rows selected.

SQL> SELECT FIRST_NAME FROM EMPLOYEES WHERE FIRST_NAME LIKE '%______';

FIRST_NAME                                                                                                                                                                                              
---------------                                                                                                                                                                                         
Steven                                                                                                                                                                                                  
Alexander                                                                                                                                                                                               
Trenna                                                                                                                                                                                                  
Curtis                                                                                                                                                                                                  
Randall                                                                                                                                                                                                 
Jonathon                                                                                                                                                                                                
Kimerely                                                                                                                                                                                                
Jennifer                                                                                                                                                                                                
Michael                                                                                                                                                                                                 
Shelley                                                                                                                                                                                                 
William                                                                                                                                                                                                 

11 rows selected.

SQL> SELECT FIRST_NAME FROM EMPLOYEES WHERE FIRST_NAME LIKE '__%____';

FIRST_NAME                                                                                                                                                                                              
---------------                                                                                                                                                                                         
Steven                                                                                                                                                                                                  
Alexander                                                                                                                                                                                               
Trenna                                                                                                                                                                                                  
Curtis                                                                                                                                                                                                  
Randall                                                                                                                                                                                                 
Jonathon                                                                                                                                                                                                
Kimerely                                                                                                                                                                                                
Jennifer                                                                                                                                                                                                
Michael                                                                                                                                                                                                 
Shelley                                                                                                                                                                                                 
William                                                                                                                                                                                                 

11 rows selected.

SQL> SELECT FIRST_NAME FROM EMPLOYEES WHERE FIRST_NAME LIKE '__%_%___';

FIRST_NAME                                                                                                                                                                                              
---------------                                                                                                                                                                                         
Steven                                                                                                                                                                                                  
Alexander                                                                                                                                                                                               
Trenna                                                                                                                                                                                                  
Curtis                                                                                                                                                                                                  
Randall                                                                                                                                                                                                 
Jonathon                                                                                                                                                                                                
Kimerely                                                                                                                                                                                                
Jennifer                                                                                                                                                                                                
Michael                                                                                                                                                                                                 
Shelley                                                                                                                                                                                                 
William                                                                                                                                                                                                 

11 rows selected.

SQL> SELECT FIRST_NAME FROM EMPLOYEES WHERE FIRST_NAME LIKE '______';

FIRST_NAME                                                                                                                                                                                              
---------------                                                                                                                                                                                         
Steven                                                                                                                                                                                                  
Trenna                                                                                                                                                                                                  
Curtis                                                                                                                                                                                                  

SQL> SELECT FIRST_NAME FROM EMPLOYEES WHERE FIRST_NAME NOT LIKE '______';

FIRST_NAME                                                                                                                                                                                              
---------------                                                                                                                                                                                         
Neena                                                                                                                                                                                                   
Lex                                                                                                                                                                                                     
Alexander                                                                                                                                                                                               
Bruce                                                                                                                                                                                                   
Diana                                                                                                                                                                                                   
Kevin                                                                                                                                                                                                   
Randall                                                                                                                                                                                                 
Peter                                                                                                                                                                                                   
Eleni                                                                                                                                                                                                   
Ellen                                                                                                                                                                                                   
Jonathon                                                                                                                                                                                                
Kimerely                                                                                                                                                                                                
Jennifer                                                                                                                                                                                                
Michael                                                                                                                                                                                                 
Pat                                                                                                                                                                                                     
Shelley                                                                                                                                                                                                 
William                                                                                                                                                                                                 

17 rows selected.

SQL> SELECT FIRST_NAME FROM EMPLOYEES WHERE FIRST_NAME LIKE '______%';

FIRST_NAME                                                                                                                                                                                              
---------------                                                                                                                                                                                         
Steven                                                                                                                                                                                                  
Alexander                                                                                                                                                                                               
Trenna                                                                                                                                                                                                  
Curtis                                                                                                                                                                                                  
Randall                                                                                                                                                                                                 
Jonathon                                                                                                                                                                                                
Kimerely                                                                                                                                                                                                
Jennifer                                                                                                                                                                                                
Michael                                                                                                                                                                                                 
Shelley                                                                                                                                                                                                 
William                                                                                                                                                                                                 

11 rows selected.

SQL> SELECT FIRST_NAME FROM EMPLOYEES WHERE FIRST_NAME NOT LIKE '______%';

FIRST_NAME                                                                                                                                                                                              
---------------                                                                                                                                                                                         
Neena                                                                                                                                                                                                   
Lex                                                                                                                                                                                                     
Bruce                                                                                                                                                                                                   
Diana                                                                                                                                                                                                   
Kevin                                                                                                                                                                                                   
Peter                                                                                                                                                                                                   
Eleni                                                                                                                                                                                                   
Ellen                                                                                                                                                                                                   
Pat                                                                                                                                                                                                     

9 rows selected.

SQL> SELECT FIRST_NAME FROM EMPLOYEES WHERE FIRST_NAME LIKE 'P%';

FIRST_NAME                                                                                                                                                                                              
---------------                                                                                                                                                                                         
Peter                                                                                                                                                                                                   
Pat                                                                                                                                                                                                     

SQL> SELECT FIRST_NAME FROM EMPLOYEES WHERE FIRST_NAME LIKE '%n';

FIRST_NAME                                                                                                                                                                                              
---------------                                                                                                                                                                                         
Steven                                                                                                                                                                                                  
Kevin                                                                                                                                                                                                   
Ellen                                                                                                                                                                                                   
Jonathon                                                                                                                                                                                                

SQL> SELECT FIRST_NAME FROM EMPLOYEES WHERE FIRST_NAME LIKE '%e%';

FIRST_NAME                                                                                                                                                                                              
---------------                                                                                                                                                                                         
Steven                                                                                                                                                                                                  
Neena                                                                                                                                                                                                   
Lex                                                                                                                                                                                                     
Alexander                                                                                                                                                                                               
Bruce                                                                                                                                                                                                   
Kevin                                                                                                                                                                                                   
Trenna                                                                                                                                                                                                  
Peter                                                                                                                                                                                                   
Eleni                                                                                                                                                                                                   
Ellen                                                                                                                                                                                                   
Kimerely                                                                                                                                                                                                
Jennifer                                                                                                                                                                                                
Michael                                                                                                                                                                                                 
Shelley                                                                                                                                                                                                 

14 rows selected.

SQL> SELECT FIRST_NAME FROM EMPLOYEES WHERE FIRST_NAME LIKE '%ee%';

FIRST_NAME                                                                                                                                                                                              
---------------                                                                                                                                                                                         
Neena                                                                                                                                                                                                   

SQL> SELECT FIRST_NAME FROM EMPLOYEES WHERE FIRST_NAME LIKE '%e_e%';

FIRST_NAME                                                                                                                                                                                              
---------------                                                                                                                                                                                         
Steven                                                                                                                                                                                                  
Peter                                                                                                                                                                                                   
Kimerely                                                                                                                                                                                                

SQL> SELECT FIRST_NAME FROM EMPLOYEES WHERE FIRST_NAME LIKE '%e__e%';

FIRST_NAME                                                                                                                                                                                              
---------------                                                                                                                                                                                         
Shelley                                                                                                                                                                                                 

SQL> SELECT FIRST_NAME FROM EMPLOYEES WHERE FIRST_NAME LIKE '%e%e%';

FIRST_NAME                                                                                                                                                                                              
---------------                                                                                                                                                                                         
Steven                                                                                                                                                                                                  
Neena                                                                                                                                                                                                   
Alexander                                                                                                                                                                                               
Peter                                                                                                                                                                                                   
Kimerely                                                                                                                                                                                                
Jennifer                                                                                                                                                                                                
Shelley                                                                                                                                                                                                 

7 rows selected.

SQL> SELECT FIRST_NAME FROM EMPLOYEES WHERE FIRST_NAME LIKE '_e%e%';

FIRST_NAME                                                                                                                                                                                              
---------------                                                                                                                                                                                         
Neena                                                                                                                                                                                                   
Peter                                                                                                                                                                                                   
Jennifer                                                                                                                                                                                                

SQL> SELECT FIRST_NAME FROM EMPLOYEES WHERE FIRST_NAME LIKE '%e%e_';

FIRST_NAME                                                                                                                                                                                              
---------------                                                                                                                                                                                         
Steven                                                                                                                                                                                                  
Alexander                                                                                                                                                                                               
Peter                                                                                                                                                                                                   
Jennifer                                                                                                                                                                                                
Shelley                                                                                                                                                                                                 

SQL> SELECT FIRST_NAME FROM EMPLOYEES WHERE FIRST_NAME LIKE '_e%';

FIRST_NAME                                                                                                                                                                                              
---------------                                                                                                                                                                                         
Neena                                                                                                                                                                                                   
Lex                                                                                                                                                                                                     
Kevin                                                                                                                                                                                                   
Peter                                                                                                                                                                                                   
Jennifer                                                                                                                                                                                                

SQL> SELECT FIRST_NAME FROM EMPLOYEES WHERE FIRST_NAME LIKE '%e_';

FIRST_NAME                                                                                                                                                                                              
---------------                                                                                                                                                                                         
Steven                                                                                                                                                                                                  
Lex                                                                                                                                                                                                     
Alexander                                                                                                                                                                                               
Peter                                                                                                                                                                                                   
Ellen                                                                                                                                                                                                   
Jennifer                                                                                                                                                                                                
Michael                                                                                                                                                                                                 
Shelley                                                                                                                                                                                                 

8 rows selected.

SQL> SELECT FIRST_NAME FROM EMPLOYEES WHERE FIRST_NAME LIKE '%ll%';

FIRST_NAME                                                                                                                                                                                              
---------------                                                                                                                                                                                         
Randall                                                                                                                                                                                                 
Ellen                                                                                                                                                                                                   
Shelley                                                                                                                                                                                                 
William                                                                                                                                                                                                 

SQL> SELECT FIRST_NAME FROM EMPLOYEES WHERE FIRST_NAME NOT LIKE '%ll%';

FIRST_NAME                                                                                                                                                                                              
---------------                                                                                                                                                                                         
Steven                                                                                                                                                                                                  
Neena                                                                                                                                                                                                   
Lex                                                                                                                                                                                                     
Alexander                                                                                                                                                                                               
Bruce                                                                                                                                                                                                   
Diana                                                                                                                                                                                                   
Kevin                                                                                                                                                                                                   
Trenna                                                                                                                                                                                                  
Curtis                                                                                                                                                                                                  
Peter                                                                                                                                                                                                   
Eleni                                                                                                                                                                                                   
Jonathon                                                                                                                                                                                                
Kimerely                                                                                                                                                                                                
Jennifer                                                                                                                                                                                                
Michael                                                                                                                                                                                                 
Pat                                                                                                                                                                                                     

16 rows selected.

SQL> SELECT FIRST_NAME FROM EMPLOYEES WHERE FIRST_NAME LIKE '_o%o_';

FIRST_NAME                                                                                                                                                                                              
---------------                                                                                                                                                                                         
Jonathon                                                                                                                                                                                                

SQL> SELECT HIRE_DATE FROM EMPLOYEES;

HIRE_DATE                                                                                                                                                                                               
---------                                                                                                                                                                                               
17-JUL-87                                                                                                                                                                                               
21-SEP-89                                                                                                                                                                                               
13-JAN-93                                                                                                                                                                                               
03-JAN-90                                                                                                                                                                                               
21-MAY-91                                                                                                                                                                                               
07-FEB-99                                                                                                                                                                                               
16-NOV-99                                                                                                                                                                                               
17-OCT-95                                                                                                                                                                                               
29-JAN-97                                                                                                                                                                                               
15-MAR-98                                                                                                                                                                                               
09-JUL-98                                                                                                                                                                                               
29-JAN-00                                                                                                                                                                                               
11-MAY-96                                                                                                                                                                                               
24-MAR-98                                                                                                                                                                                               
24-MAY-99                                                                                                                                                                                               
17-SEP-87                                                                                                                                                                                               
17-FEB-96                                                                                                                                                                                               
17-AUG-97                                                                                                                                                                                               
07-JUN-94                                                                                                                                                                                               
07-JUN-94                                                                                                                                                                                               

20 rows selected.

SQL> REM JAN , JUN
SQL> 
SQL> SELECT HIRE_DATE FROM EMPLOYEE WHERE HIRE_DATE LIKE 'JAN';
SELECT HIRE_DATE FROM EMPLOYEE WHERE HIRE_DATE LIKE 'JAN'
                      *
ERROR at line 1:
ORA-00942: table or view does not exist 


SQL> SELECT HIRE_DATE FROM EMPLOYEES WHERE HIRE_DATE LIKE 'JAN';

no rows selected

SQL> SELECT HIRE_DATE FROM EMPLOYEES WHERE HIRE_DATE LIKE '___J_N___';

HIRE_DATE                                                                                                                                                                                               
---------                                                                                                                                                                                               
13-JAN-93                                                                                                                                                                                               
03-JAN-90                                                                                                                                                                                               
29-JAN-97                                                                                                                                                                                               
29-JAN-00                                                                                                                                                                                               
07-JUN-94                                                                                                                                                                                               
07-JUN-94                                                                                                                                                                                               

6 rows selected.

SQL> SELECT HIRE_DATE FROM EMPLOYEES WHERE HIRE_DATE LIKE '%J_N%';

HIRE_DATE                                                                                                                                                                                               
---------                                                                                                                                                                                               
13-JAN-93                                                                                                                                                                                               
03-JAN-90                                                                                                                                                                                               
29-JAN-97                                                                                                                                                                                               
29-JAN-00                                                                                                                                                                                               
07-JUN-94                                                                                                                                                                                               
07-JUN-94                                                                                                                                                                                               

6 rows selected.

SQL> SELECT HIRE_DATE FROM EMPLOYEES WHERE HIRE_DATE LIKE '%J%N%';

HIRE_DATE                                                                                                                                                                                               
---------                                                                                                                                                                                               
13-JAN-93                                                                                                                                                                                               
03-JAN-90                                                                                                                                                                                               
29-JAN-97                                                                                                                                                                                               
29-JAN-00                                                                                                                                                                                               
07-JUN-94                                                                                                                                                                                               
07-JUN-94                                                                                                                                                                                               

6 rows selected.

SQL> REM JUN , JUL
SQL> 
SQL> SELECT HIRE_DATE FROM EMPLOYEES WHERE HIRE_DATE LIKE '%JU%';

HIRE_DATE                                                                                                                                                                                               
---------                                                                                                                                                                                               
17-JUL-87                                                                                                                                                                                               
09-JUL-98                                                                                                                                                                                               
07-JUN-94                                                                                                                                                                                               
07-JUN-94                                                                                                                                                                                               

SQL> SELECT HIRE_DATE FROM EMPLOYEES;

HIRE_DATE                                                                                                                                                                                               
---------                                                                                                                                                                                               
17-JUL-87                                                                                                                                                                                               
21-SEP-89                                                                                                                                                                                               
13-JAN-93                                                                                                                                                                                               
03-JAN-90                                                                                                                                                                                               
21-MAY-91                                                                                                                                                                                               
07-FEB-99                                                                                                                                                                                               
16-NOV-99                                                                                                                                                                                               
17-OCT-95                                                                                                                                                                                               
29-JAN-97                                                                                                                                                                                               
15-MAR-98                                                                                                                                                                                               
09-JUL-98                                                                                                                                                                                               
29-JAN-00                                                                                                                                                                                               
11-MAY-96                                                                                                                                                                                               
24-MAR-98                                                                                                                                                                                               
24-MAY-99                                                                                                                                                                                               
17-SEP-87                                                                                                                                                                                               
17-FEB-96                                                                                                                                                                                               
17-AUG-97                                                                                                                                                                                               
07-JUN-94                                                                                                                                                                                               
07-JUN-94                                                                                                                                                                                               

20 rows selected.

SQL> REM MAY , MAR
SQL> 
SQL> SELECT HIRE_DATE FROM EMPLOYEES WHERE HIRE_DATE LIKE '%MA%';

HIRE_DATE                                                                                                                                                                                               
---------                                                                                                                                                                                               
21-MAY-91                                                                                                                                                                                               
15-MAR-98                                                                                                                                                                                               
11-MAY-96                                                                                                                                                                                               
24-MAR-98                                                                                                                                                                                               
24-MAY-99                                                                                                                                                                                               

SQL> REM MAY , MAR , JAN
SQL> 
SQL> SELECT HIRE_DATE FROM EMPLOYEES WHERE HIRE_DATE LIKE '%A%';

HIRE_DATE                                                                                                                                                                                               
---------                                                                                                                                                                                               
13-JAN-93                                                                                                                                                                                               
03-JAN-90                                                                                                                                                                                               
21-MAY-91                                                                                                                                                                                               
29-JAN-97                                                                                                                                                                                               
15-MAR-98                                                                                                                                                                                               
29-JAN-00                                                                                                                                                                                               
11-MAY-96                                                                                                                                                                                               
24-MAR-98                                                                                                                                                                                               
24-MAY-99                                                                                                                                                                                               
17-AUG-97                                                                                                                                                                                               

10 rows selected.

SQL> SELECT HIRE_DATE FROM EMPLOYEES WHERE HIRE_DATE LIKE '%-_A%';

HIRE_DATE                                                                                                                                                                                               
---------                                                                                                                                                                                               
13-JAN-93                                                                                                                                                                                               
03-JAN-90                                                                                                                                                                                               
21-MAY-91                                                                                                                                                                                               
29-JAN-97                                                                                                                                                                                               
15-MAR-98                                                                                                                                                                                               
29-JAN-00                                                                                                                                                                                               
11-MAY-96                                                                                                                                                                                               
24-MAR-98                                                                                                                                                                                               
24-MAY-99                                                                                                                                                                                               

9 rows selected.

SQL> REM APR , AUG
SQL> 
SQL> SELECT HIRE_DATE FROM EMPLOYEES WHERE HIRE_DATE LIKE '%-A%';

HIRE_DATE                                                                                                                                                                                               
---------                                                                                                                                                                                               
17-AUG-97                                                                                                                                                                                               

SQL> SELECT HIRE_DATE FROM EMPLOYEES;

HIRE_DATE                                                                                                                                                                                               
---------                                                                                                                                                                                               
17-JUL-87                                                                                                                                                                                               
21-SEP-89                                                                                                                                                                                               
13-JAN-93                                                                                                                                                                                               
03-JAN-90                                                                                                                                                                                               
21-MAY-91                                                                                                                                                                                               
07-FEB-99                                                                                                                                                                                               
16-NOV-99                                                                                                                                                                                               
17-OCT-95                                                                                                                                                                                               
29-JAN-97                                                                                                                                                                                               
15-MAR-98                                                                                                                                                                                               
09-JUL-98                                                                                                                                                                                               
29-JAN-00                                                                                                                                                                                               
11-MAY-96                                                                                                                                                                                               
24-MAR-98                                                                                                                                                                                               
24-MAY-99                                                                                                                                                                                               
17-SEP-87                                                                                                                                                                                               
17-FEB-96                                                                                                                                                                                               
17-AUG-97                                                                                                                                                                                               
07-JUN-94                                                                                                                                                                                               
07-JUN-94                                                                                                                                                                                               

20 rows selected.

SQL> REM OCT , NOV
SQL> 
SQL> SELECT HIRE_DATE FROM EMPLOYEES WHERE HIRE_DATE LIKE '%O%';

HIRE_DATE                                                                                                                                                                                               
---------                                                                                                                                                                                               
16-NOV-99                                                                                                                                                                                               
17-OCT-95                                                                                                                                                                                               

SQL> REM 80s : 80 TO 89
SQL> 
SQL> REM DISPLAY ALL WHO WERE HIRED IN 90s
SQL> 
SQL> SELECT HIRE_DATE FROM EMPLOYEES WHERE HIRE_DATE LIKE '%9_';

HIRE_DATE                                                                                                                                                                                               
---------                                                                                                                                                                                               
13-JAN-93                                                                                                                                                                                               
03-JAN-90                                                                                                                                                                                               
21-MAY-91                                                                                                                                                                                               
07-FEB-99                                                                                                                                                                                               
16-NOV-99                                                                                                                                                                                               
17-OCT-95                                                                                                                                                                                               
29-JAN-97                                                                                                                                                                                               
15-MAR-98                                                                                                                                                                                               
09-JUL-98                                                                                                                                                                                               
11-MAY-96                                                                                                                                                                                               
24-MAR-98                                                                                                                                                                                               
24-MAY-99                                                                                                                                                                                               
17-FEB-96                                                                                                                                                                                               
17-AUG-97                                                                                                                                                                                               
07-JUN-94                                                                                                                                                                                               
07-JUN-94                                                                                                                                                                                               

16 rows selected.

SQL> SELECT HIRE_DATE FROM EMPLOYEES WHERE HIRE_DATE LIKE '%9%';

HIRE_DATE                                                                                                                                                                                               
---------                                                                                                                                                                                               
21-SEP-89                                                                                                                                                                                               
13-JAN-93                                                                                                                                                                                               
03-JAN-90                                                                                                                                                                                               
21-MAY-91                                                                                                                                                                                               
07-FEB-99                                                                                                                                                                                               
16-NOV-99                                                                                                                                                                                               
17-OCT-95                                                                                                                                                                                               
29-JAN-97                                                                                                                                                                                               
15-MAR-98                                                                                                                                                                                               
09-JUL-98                                                                                                                                                                                               
29-JAN-00                                                                                                                                                                                               
11-MAY-96                                                                                                                                                                                               
24-MAR-98                                                                                                                                                                                               
24-MAY-99                                                                                                                                                                                               
17-FEB-96                                                                                                                                                                                               
17-AUG-97                                                                                                                                                                                               
07-JUN-94                                                                                                                                                                                               
07-JUN-94                                                                                                                                                                                               

18 rows selected.

SQL> SELECT * FROM MPSLIKETBL;

NAME                                                                                                                                                                                                    
------------------------------                                                                                                                                                                          
AMIT PATEL                                                                                                                                                                                              
AMIT_PATEL                                                                                                                                                                                              
AMIT%PATEL                                                                                                                                                                                              
AMIT_%PATEL                                                                                                                                                                                             
AMIT  PATEL                                                                                                                                                                                             
TAPAN PATEL                                                                                                                                                                                             
PARMAR TARAK                                                                                                                                                                                            

7 rows selected.

SQL> REM DISPLAY THOSE WHOSE NAME CONTAINS T_P
SQL> 
SQL> SELECT * FROM MPSLIKETBL WHERE NAME LIKE '%T_P%';

NAME                                                                                                                                                                                                    
------------------------------                                                                                                                                                                          
AMIT PATEL                                                                                                                                                                                              
AMIT_PATEL                                                                                                                                                                                              
AMIT%PATEL                                                                                                                                                                                              
TAPAN PATEL                                                                                                                                                                                             

SQL> SELECT * FROM MPSLIKETBL WHERE NAME LIKE '%T\_P%' ESCAPE '\';

NAME                                                                                                                                                                                                    
------------------------------                                                                                                                                                                          
AMIT_PATEL                                                                                                                                                                                              

SQL> SELECT * FROM MPSLIKETBL WHERE NAME LIKE '%T/_P%' ESCAPE '/';

NAME                                                                                                                                                                                                    
------------------------------                                                                                                                                                                          
AMIT_PATEL                                                                                                                                                                                              

SQL> SELECT * FROM MPSLIKETBL WHERE NAME LIKE '%T__P%' ESCAPE '_';

NAME                                                                                                                                                                                                    
------------------------------                                                                                                                                                                          
AMIT_PATEL                                                                                                                                                                                              

SQL> SELECT * FROM MPSLIKETBL WHERE NAME LIKE '%T _P%' ESCAPE ' ';

NAME                                                                                                                                                                                                    
------------------------------                                                                                                                                                                          
AMIT_PATEL                                                                                                                                                                                              

SQL> SELECT * FROM MPSLIKETBL WHERE NAME LIKE '%T'_P%' ESCAPE ''';
SELECT * FROM MPSLIKETBL WHERE NAME LIKE '%T'_P%' ESCAPE '''
                                             *
ERROR at line 1:
ORA-00911: invalid character 


SQL> SELECT * FROM MPSLIKETBL WHERE NAME LIKE '%T''_P%' ESCAPE '''';

NAME                                                                                                                                                                                                    
------------------------------                                                                                                                                                                          
AMIT_PATEL                                                                                                                                                                                              

SQL> SELECT * FROM MPSLIKETBL WHERE NAME LIKE '%T^$_P%' ESCAPE '^$';
SELECT * FROM MPSLIKETBL WHERE NAME LIKE '%T^$_P%' ESCAPE '^$'
                                                          *
ERROR at line 1:
ORA-01425: escape character must be character string of length 1 


SQL> SELECT * FROM MPSLIKETBL WHERE NAME LIKE '%T%_P%' ESCAPE '%';
SELECT * FROM MPSLIKETBL WHERE NAME LIKE '%T%_P%' ESCAPE '%'
                                         *
ERROR at line 1:
ORA-01424: missing or illegal character following the escape character 


SQL> SELECT * FROM MPSLIKETBL WHERE NAME LIKE '%T6_P%' ESCAPE '6';

NAME                                                                                                                                                                                                    
------------------------------                                                                                                                                                                          
AMIT_PATEL                                                                                                                                                                                              

SQL> SELECT * FROM MPSLIKETBL WHERE NAME LIKE '%TA_P%' ESCAPE 'A';

NAME                                                                                                                                                                                                    
------------------------------                                                                                                                                                                          
AMIT_PATEL                                                                                                                                                                                              

SQL> SELECT * FROM MPSLIKETBL WHERE NAME LIKE '%TT_P%' ESCAPE 'T';

NAME                                                                                                                                                                                                    
------------------------------                                                                                                                                                                          
AMIT PATEL                                                                                                                                                                                              
AMIT_PATEL                                                                                                                                                                                              
AMIT%PATEL                                                                                                                                                                                              
TAPAN PATEL                                                                                                                                                                                             

SQL> SELECT * FROM MPSLIKETBL WHERE NAME LIKE '%TP_P%' ESCAPE 'P';

no rows selected

SQL> SELECT * FROM MPSLIKETBL WHERE NAME LIKE '%"T_P%' ESCAPE '"';
SELECT * FROM MPSLIKETBL WHERE NAME LIKE '%"T_P%' ESCAPE '"'
                                         *
ERROR at line 1:
ORA-01424: missing or illegal character following the escape character 


SQL> SELECT * FROM MPSLIKETBL WHERE NAME LIKE '%T"_P%' ESCAPE '"';

NAME                                                                                                                                                                                                    
------------------------------                                                                                                                                                                          
AMIT_PATEL                                                                                                                                                                                              

SQL> REM DISPLAY WHICH CONTAINS T_%P
SQL> 
SQL> SELECT * FROM MPSLIKETBL WHERE NAME LIKE '%T\_\%P%' ESCAPE '\';

NAME                                                                                                                                                                                                    
------------------------------                                                                                                                                                                          
AMIT_%PATEL                                                                                                                                                                                             

SQL> SELECT JOB_ID FROM EMPLOYEES;

JOB_ID                                                                                                                                                                                                  
----------                                                                                                                                                                                              
AD_PRES                                                                                                                                                                                                 
AD_VP                                                                                                                                                                                                   
AD_VP                                                                                                                                                                                                   
IT_PROG                                                                                                                                                                                                 
IT_PROG                                                                                                                                                                                                 
IT_PROG                                                                                                                                                                                                 
ST_MAN                                                                                                                                                                                                  
ST_CLERK                                                                                                                                                                                                
ST_CLERK                                                                                                                                                                                                
ST_CLERK                                                                                                                                                                                                
ST_CLERK                                                                                                                                                                                                
SA_MAN                                                                                                                                                                                                  
SA_REP                                                                                                                                                                                                  
SA_REP                                                                                                                                                                                                  
SA_REP                                                                                                                                                                                                  
AD_ASST                                                                                                                                                                                                 
MK_MAN                                                                                                                                                                                                  
MK_REP                                                                                                                                                                                                  
AC_MGR                                                                                                                                                                                                  
AC_ACCOUNT                                                                                                                                                                                              

20 rows selected.

SQL> REM DISPLAY THOSE JOB_ID WHICH CONTAINS _P
SQL> 
SQL> SELECT JOB_ID FROM EMPLOYEES WHERE JOB_ID LIKE '%\_P%';

no rows selected

SQL> SELECT JOB_ID FROM EMPLOYEES WHERE JOB_ID LIKE '%\_P%' ESCAPE '\';

JOB_ID                                                                                                                                                                                                  
----------                                                                                                                                                                                              
AD_PRES                                                                                                                                                                                                 
IT_PROG                                                                                                                                                                                                 
IT_PROG                                                                                                                                                                                                 
IT_PROG                                                                                                                                                                                                 

SQL> REM DISPLAY THOSE JOB_ID WHICH CONTAINS _ AND HAS LAST CHARACTER P
SQL> 
SQL> SELECT JOB_ID FROM EMPLOYEES WHERE JOB_ID LIKE '%\_%P' ESCAPE '\';

JOB_ID                                                                                                                                                                                                  
----------                                                                                                                                                                                              
AD_VP                                                                                                                                                                                                   
AD_VP                                                                                                                                                                                                   
SA_REP                                                                                                                                                                                                  
SA_REP                                                                                                                                                                                                  
SA_REP                                                                                                                                                                                                  
MK_REP                                                                                                                                                                                                  

6 rows selected.

SQL> REM DISPLAY THOSE JOB_ID WHICH CONTAINS ALPHABET 'A' TWO TIMES
SQL> 
SQL> SELECT JOB_ID FROM EMPLOYEES WHERE JOB_ID LIKE '%AA%';

no rows selected

SQL> SELECT JOB_ID FROM EMPLOYEES WHERE JOB_ID LIKE '%A%A%';

JOB_ID                                                                                                                                                                                                  
----------                                                                                                                                                                                              
SA_MAN                                                                                                                                                                                                  
AD_ASST                                                                                                                                                                                                 
AC_ACCOUNT                                                                                                                                                                                              

SQL> REM DISPLAY JOB_ID HAVING _ , ANY TWO CHARACTERS AND P AT THE LAST POSITION.
SQL> 
SQL> SELECT JOB_ID FROM EMPLOYEES WHERE JOB_ID LIKE '%\___%P' ESCAPE '\';

JOB_ID                                                                                                                                                                                                  
----------                                                                                                                                                                                              
SA_REP                                                                                                                                                                                                  
SA_REP                                                                                                                                                                                                  
SA_REP                                                                                                                                                                                                  
MK_REP                                                                                                                                                                                                  

SQL> SELECT JOB_ID FROM EMPLOYEES WHERE JOB_ID LIKE '%\___P' ESCAPE '\';

JOB_ID                                                                                                                                                                                                  
----------                                                                                                                                                                                              
SA_REP                                                                                                                                                                                                  
SA_REP                                                                                                                                                                                                  
SA_REP                                                                                                                                                                                                  
MK_REP                                                                                                                                                                                                  

SQL> REM DISPLAY JOB_ID HAVING _ , ANY ONE CHARACTER AND P AT THE LAST POSITION.
SQL> 
SQL> SELECT JOB_ID FROM EMPLOYEES WHERE JOB_ID LIKE '%\__P' ESCAPE '\';

JOB_ID                                                                                                                                                                                                  
----------                                                                                                                                                                                              
AD_VP                                                                                                                                                                                                   
AD_VP                                                                                                                                                                                                   

SQL> REM DISPLAY THOSE WHO GETS COMMISSION
SQL> 
SQL> SELECT * FROM EMPLOYEES;

EMPLOYEE_ID FIRST_NAME      LAST_NAME       EMAIL      PHONE_NUMBER         HIRE_DATE JOB_ID         SALARY COMMISSION_PCT MANAGER_ID DEPARTMENT_ID                                                     
----------- --------------- --------------- ---------- -------------------- --------- ---------- ---------- -------------- ---------- -------------                                                     
        100 Steven          King            SKING      515.123.4567         17-JUL-87 AD_PRES         24000                                      90                                                     
        101 Neena           Kochhar         NKOCHHAR   515.123.4568         21-SEP-89 AD_VP           17000                       100            90                                                     
        102 Lex             De Haan         LDEHAAN    515.123.4569         13-JAN-93 AD_VP           17000                       100            90                                                     
        103 Alexander       Hunold          AHUNOLD    590.423.4567         03-JAN-90 IT_PROG          9000                       102            60                                                     
        104 Bruce           Ernst           BERNST     590.423.4568         21-MAY-91 IT_PROG          6000                       103            60                                                     
        107 Diana           Lorentz         DLORENTZ   590.423.5567         07-FEB-99 IT_PROG          4200                       103            60                                                     
        124 Kevin           Mourgos         KMOURGOS   650.123.5234         16-NOV-99 ST_MAN           5800                       100            50                                                     
        141 Trenna          Rajs            TRAJS      650.121.8009         17-OCT-95 ST_CLERK         3500                       124            50                                                     
        142 Curtis          Davies          CDAVIES    650.121.2994         29-JAN-97 ST_CLERK         3100                       124            50                                                     
        143 Randall         Matos           RMATOS     650.121.2874         15-MAR-98 ST_CLERK         2600                       124            50                                                     
        144 Peter           Vargas          PVARGAS    650.121.2004         09-JUL-98 ST_CLERK         2500                       124            50                                                     
        149 Eleni           Zlotkey         EZLOTKEY   011.44.1344.429018   29-JAN-00 SA_MAN          10500             .2        100            80                                                     
        174 Ellen           Abel            EABEL      011.44.1644.429267   11-MAY-96 SA_REP          11000             .3        149            80                                                     
        176 Jonathon        Taylor          JTAYLOR    011.44.1644.429265   24-MAR-98 SA_REP           8600             .3        149            80                                                     
        178 Kimerely        Grant           KGRANT     011.44.1644.429263   24-MAY-99 SA_REP           7000            .15        149                                                                   
        200 Jennifer        Whalen          JWHALEN    515.123.4444         17-SEP-87 AD_ASST          4400                       101            10                                                     
        201 Michael         Hartstein       MHARTSTE   515.123.5555         17-FEB-96 MK_MAN          13000                       100            20                                                     
        202 Pat             Fay             PFAY       603.123.6666         17-AUG-97 MK_REP           6000                       201            20                                                     
        205 Shelley         Higgins         SHIGGINS   515.123.8080         07-JUN-94 AC_MGR          12000                       101           110                                                     
        206 William         Gietz           WGIETZ     515.123.8181         07-JUN-94 AC_ACCOUNT       8300                       205           110                                                     

20 rows selected.

SQL> REM COMMISSION_PCT VALUE RANGE : 0 TO 0.99
SQL> 
SQL> DESC EMPLOYEES
 Name                                                                                                              Null?    Type
 ----------------------------------------------------------------------------------------------------------------- -------- ----------------------------------------------------------------------------
 EMPLOYEE_ID                                                                                                       NOT NULL NUMBER(6)
 FIRST_NAME                                                                                                                 VARCHAR2(15)
 LAST_NAME                                                                                                         NOT NULL VARCHAR2(15)
 EMAIL                                                                                                             NOT NULL VARCHAR2(10)
 PHONE_NUMBER                                                                                                               VARCHAR2(20)
 HIRE_DATE                                                                                                         NOT NULL DATE
 JOB_ID                                                                                                            NOT NULL VARCHAR2(10)
 SALARY                                                                                                                     NUMBER(8,2)
 COMMISSION_PCT                                                                                                             NUMBER(2,2)
 MANAGER_ID                                                                                                                 NUMBER(6)
 DEPARTMENT_ID                                                                                                              NUMBER(4)

SQL> REM COMMISSION_PCT VALUE RANGE : -0.99 TO +0.99
SQL> 
SQL> REM DISPLAY THOSE WHO GETS COMMISSION
SQL> 
SQL> SELECT COMMISSION_PCT FROM EMPLOYEES WHERE COMMISSION_PCT BETWEEN 0 AND .99;

COMMISSION_PCT                                                                                                                                                                                          
--------------                                                                                                                                                                                          
            .2                                                                                                                                                                                          
            .3                                                                                                                                                                                          
            .3                                                                                                                                                                                          
           .15                                                                                                                                                                                          

SQL> SELECT COMMISSION_PCT FROM EMPLOYEES WHERE COMMISSION_PCT LIKE '_.%';

no rows selected

SQL> SELECT COMMISSION_PCT FROM EMPLOYEES WHERE COMMISSION_PCT LIKE '.%';

COMMISSION_PCT                                                                                                                                                                                          
--------------                                                                                                                                                                                          
            .2                                                                                                                                                                                          
            .3                                                                                                                                                                                          
            .3                                                                                                                                                                                          
           .15                                                                                                                                                                                          

SQL> SELECT COMMISSION_PCT FROM EMPLOYEES WHERE COMMISSION_PCT LIKE '%';

COMMISSION_PCT                                                                                                                                                                                          
--------------                                                                                                                                                                                          
            .2                                                                                                                                                                                          
            .3                                                                                                                                                                                          
            .3                                                                                                                                                                                          
           .15                                                                                                                                                                                          

SQL> SELECT COMMISSION_PCT FROM EMPLOYEES WHERE COMMISSION_PCT LIKE '_%';

COMMISSION_PCT                                                                                                                                                                                          
--------------                                                                                                                                                                                          
            .2                                                                                                                                                                                          
            .3                                                                                                                                                                                          
            .3                                                                                                                                                                                          
           .15                                                                                                                                                                                          

SQL> SELECT COMMISSION_PCT FROM EMPLOYEES WHERE COMMISSION_PCT LIKE '__%';

COMMISSION_PCT                                                                                                                                                                                          
--------------                                                                                                                                                                                          
            .2                                                                                                                                                                                          
            .3                                                                                                                                                                                          
            .3                                                                                                                                                                                          
           .15                                                                                                                                                                                          

SQL> SELECT COMMISSION_PCT FROM EMPLOYEES WHERE COMMISSION_PCT LIKE '._%';

COMMISSION_PCT                                                                                                                                                                                          
--------------                                                                                                                                                                                          
            .2                                                                                                                                                                                          
            .3                                                                                                                                                                                          
            .3                                                                                                                                                                                          
           .15                                                                                                                                                                                          

SQL> SELECT COMMISSION_PCT FROM EMPLOYEES WHERE COMMISSION_PCT NOT 0;
SELECT COMMISSION_PCT FROM EMPLOYEES WHERE COMMISSION_PCT NOT 0
                                                              *
ERROR at line 1:
ORA-00920: invalid relational operator 


SQL> SELECT COMMISSION_PCT FROM EMPLOYEES WHERE COMMISSION_PCT <> 0;

COMMISSION_PCT                                                                                                                                                                                          
--------------                                                                                                                                                                                          
            .2                                                                                                                                                                                          
            .3                                                                                                                                                                                          
            .3                                                                                                                                                                                          
           .15                                                                                                                                                                                          

SQL> SELECT COMMISSION_PCT FROM EMPLOYEES WHERE COMMISSION_PCT != 0;

COMMISSION_PCT                                                                                                                                                                                          
--------------                                                                                                                                                                                          
            .2                                                                                                                                                                                          
            .3                                                                                                                                                                                          
            .3                                                                                                                                                                                          
           .15                                                                                                                                                                                          

SQL> SELECT COMMISSION_PCT FROM EMPLOYEES WHERE COMMISSION_PCT ^= 0;

COMMISSION_PCT                                                                                                                                                                                          
--------------                                                                                                                                                                                          
            .2                                                                                                                                                                                          
            .3                                                                                                                                                                                          
            .3                                                                                                                                                                                          
           .15                                                                                                                                                                                          

SQL> SELECT COMMISSION_PCT FROM EMPLOYEES WHERE COMMISSION_PCT > 0;

COMMISSION_PCT                                                                                                                                                                                          
--------------                                                                                                                                                                                          
            .2                                                                                                                                                                                          
            .3                                                                                                                                                                                          
            .3                                                                                                                                                                                          
           .15                                                                                                                                                                                          

SQL> SELECT COMMISSION_PCT FROM EMPLOYEES WHERE COMMISSION_PCT < 1;

COMMISSION_PCT                                                                                                                                                                                          
--------------                                                                                                                                                                                          
            .2                                                                                                                                                                                          
            .3                                                                                                                                                                                          
            .3                                                                                                                                                                                          
           .15                                                                                                                                                                                          

SQL> REM DISPLAY THOSE WHO DON'T GET COMMISSION
SQL> 
SQL> SELECT COMMISSION_PCT FROM EMPLOYEES WHERE COMMISSION_PCT = 0;

no rows selected

SQL> SELECT COMMISSION_PCT FROM EMPLOYEES WHERE COMMISSION_PCT = NULL;

no rows selected

SQL> SELECT COMMISSION_PCT FROM EMPLOYEES WHERE COMMISSION_PCT BETWEEN 0 AND .99;

COMMISSION_PCT                                                                                                                                                                                          
--------------                                                                                                                                                                                          
            .2                                                                                                                                                                                          
            .3                                                                                                                                                                                          
            .3                                                                                                                                                                                          
           .15                                                                                                                                                                                          

SQL> SELECT COMMISSION_PCT FROM EMPLOYEES WHERE COMMISSION_PCT NOT BETWEEN 0 AND .99;

no rows selected

SQL> REM NULL VALUE CAN'T BE COMPARED WITH ANY OPERATOR EXCEPT IS NULL.
SQL> 
SQL> SELECT COMMISSION_PCT FROM EMPLOYEES WHERE COMMISSION_PCT IS NULL;

COMMISSION_PCT                                                                                                                                                                                          
--------------                                                                                                                                                                                          
                                                                                                                                                                                                        
                                                                                                                                                                                                        
                                                                                                                                                                                                        
                                                                                                                                                                                                        
                                                                                                                                                                                                        
                                                                                                                                                                                                        
                                                                                                                                                                                                        
                                                                                                                                                                                                        
                                                                                                                                                                                                        
                                                                                                                                                                                                        
                                                                                                                                                                                                        
                                                                                                                                                                                                        
                                                                                                                                                                                                        
                                                                                                                                                                                                        
                                                                                                                                                                                                        
                                                                                                                                                                                                        

16 rows selected.

SQL> SELECT FIRST_NAME , COMMISSION_PCT FROM EMPLOYEES WHERE COMMISSION_PCT IS NULL;

FIRST_NAME      COMMISSION_PCT                                                                                                                                                                          
--------------- --------------                                                                                                                                                                          
Steven                                                                                                                                                                                                  
Neena                                                                                                                                                                                                   
Lex                                                                                                                                                                                                     
Alexander                                                                                                                                                                                               
Bruce                                                                                                                                                                                                   
Diana                                                                                                                                                                                                   
Kevin                                                                                                                                                                                                   
Trenna                                                                                                                                                                                                  
Curtis                                                                                                                                                                                                  
Randall                                                                                                                                                                                                 
Peter                                                                                                                                                                                                   
Jennifer                                                                                                                                                                                                
Michael                                                                                                                                                                                                 
Pat                                                                                                                                                                                                     
Shelley                                                                                                                                                                                                 
William                                                                                                                                                                                                 

16 rows selected.

SQL> SELECT FIRST_NAME , COMMISSION_PCT FROM EMPLOYEES WHERE NVL(COMMISSION_PCT,-1) = -1;

FIRST_NAME      COMMISSION_PCT                                                                                                                                                                          
--------------- --------------                                                                                                                                                                          
Steven                                                                                                                                                                                                  
Neena                                                                                                                                                                                                   
Lex                                                                                                                                                                                                     
Alexander                                                                                                                                                                                               
Bruce                                                                                                                                                                                                   
Diana                                                                                                                                                                                                   
Kevin                                                                                                                                                                                                   
Trenna                                                                                                                                                                                                  
Curtis                                                                                                                                                                                                  
Randall                                                                                                                                                                                                 
Peter                                                                                                                                                                                                   
Jennifer                                                                                                                                                                                                
Michael                                                                                                                                                                                                 
Pat                                                                                                                                                                                                     
Shelley                                                                                                                                                                                                 
William                                                                                                                                                                                                 

16 rows selected.

SQL> SELECT FIRST_NAME , COMMISSION_PCT FROM EMPLOYEES WHERE NVL(COMMISSION_PCT,0) = 0;

FIRST_NAME      COMMISSION_PCT                                                                                                                                                                          
--------------- --------------                                                                                                                                                                          
Steven                                                                                                                                                                                                  
Neena                                                                                                                                                                                                   
Lex                                                                                                                                                                                                     
Alexander                                                                                                                                                                                               
Bruce                                                                                                                                                                                                   
Diana                                                                                                                                                                                                   
Kevin                                                                                                                                                                                                   
Trenna                                                                                                                                                                                                  
Curtis                                                                                                                                                                                                  
Randall                                                                                                                                                                                                 
Peter                                                                                                                                                                                                   
Jennifer                                                                                                                                                                                                
Michael                                                                                                                                                                                                 
Pat                                                                                                                                                                                                     
Shelley                                                                                                                                                                                                 
William                                                                                                                                                                                                 

16 rows selected.

SQL> SELECT FIRST_NAME , COMMISSION_PCT FROM EMPLOYEES WHERE NVL(COMMISSION_PCT,0.3) = 0.3;

FIRST_NAME      COMMISSION_PCT                                                                                                                                                                          
--------------- --------------                                                                                                                                                                          
Steven                                                                                                                                                                                                  
Neena                                                                                                                                                                                                   
Lex                                                                                                                                                                                                     
Alexander                                                                                                                                                                                               
Bruce                                                                                                                                                                                                   
Diana                                                                                                                                                                                                   
Kevin                                                                                                                                                                                                   
Trenna                                                                                                                                                                                                  
Curtis                                                                                                                                                                                                  
Randall                                                                                                                                                                                                 
Peter                                                                                                                                                                                                   
Ellen                       .3                                                                                                                                                                          
Jonathon                    .3                                                                                                                                                                          
Jennifer                                                                                                                                                                                                
Michael                                                                                                                                                                                                 
Pat                                                                                                                                                                                                     
Shelley                                                                                                                                                                                                 
William                                                                                                                                                                                                 

18 rows selected.

SQL> SELECT FIRST_NAME , COMMISSION_PCT FROM EMPLOYEES WHERE NVL(COMMISSION_PCT,0.4) = 0.4;

FIRST_NAME      COMMISSION_PCT                                                                                                                                                                          
--------------- --------------                                                                                                                                                                          
Steven                                                                                                                                                                                                  
Neena                                                                                                                                                                                                   
Lex                                                                                                                                                                                                     
Alexander                                                                                                                                                                                               
Bruce                                                                                                                                                                                                   
Diana                                                                                                                                                                                                   
Kevin                                                                                                                                                                                                   
Trenna                                                                                                                                                                                                  
Curtis                                                                                                                                                                                                  
Randall                                                                                                                                                                                                 
Peter                                                                                                                                                                                                   
Jennifer                                                                                                                                                                                                
Michael                                                                                                                                                                                                 
Pat                                                                                                                                                                                                     
Shelley                                                                                                                                                                                                 
William                                                                                                                                                                                                 

16 rows selected.

SQL> REM I WILL SEND TWO FILES. ONE SPOOL FILE, ONE EXCERSIZE FILE, WE WILL MEET TOMMOROW AT 8.30PM IST
SQL> 
SQL> REM IS IT OK?
SQL> 
SQL> SPOOL OFF
